Component: ARM Compiler 5.06 update 6 (build 750) Tool: armlink [4d35ed]

==============================================================================

Section Cross References

    asciilib.o(i.GetASCIICode) refers to rt_memcpy_v6.o(.text) for __aeabi_memcpy
    asciilib.o(i.GetASCIICode) refers to asciilib.o(.constdata) for AsciiLib
    asciilib.o(i.LCDprintChar) refers to asciilib.o(i.putbuf_char) for putbuf_char
    asciilib.o(i.LCDprintChar) refers to lcd_ili9325.o(i.lcd_fill_region) for lcd_fill_region
    asciilib.o(i.LCDprintstr) refers to strlen.o(.text) for strlen
    asciilib.o(i.LCDprintstr) refers to h1_alloc.o(.text) for malloc
    asciilib.o(i.LCDprintstr) refers to asciilib.o(i.putbuf_char) for putbuf_char
    asciilib.o(i.LCDprintstr) refers to lcd_ili9325.o(i.lcd_fill_region) for lcd_fill_region
    asciilib.o(i.LCDprintstr) refers to h1_free.o(.text) for free
    asciilib.o(i.putbuf_char) refers to asciilib.o(i.GetASCIICode) for GetASCIICode
    lcd_ili9325.o(i.board_lcd_reset) refers to lcd_ili9325.o(i.delay) for delay
    lcd_ili9325.o(i.board_lcd_reset) refers to lcd_ili9325.o(i.LL_GPIO_SetOutputPin) for LL_GPIO_SetOutputPin
    lcd_ili9325.o(i.gpio_lcd_init) refers to rt_memclr_w.o(.text) for __aeabi_memclr4
    lcd_ili9325.o(i.gpio_lcd_init) refers to lcd_ili9325.o(i.LL_AHB1_GRP1_EnableClock) for LL_AHB1_GRP1_EnableClock
    lcd_ili9325.o(i.gpio_lcd_init) refers to lcd_ili9325.o(i.LL_GPIO_SetOutputPin) for LL_GPIO_SetOutputPin
    lcd_ili9325.o(i.gpio_lcd_init) refers to stm32f3xx_ll_gpio.o(i.LL_GPIO_Init) for LL_GPIO_Init
    lcd_ili9325.o(i.init_lcd_ili9325) refers to lcd_ili9325.o(i.gpio_lcd_init) for gpio_lcd_init
    lcd_ili9325.o(i.init_lcd_ili9325) refers to lcd_ili9325.o(i.board_lcd_reset) for board_lcd_reset
    lcd_ili9325.o(i.init_lcd_ili9325) refers to lcd_ili9325.o(i.bus_lcd_read_reg) for bus_lcd_read_reg
    lcd_ili9325.o(i.init_lcd_ili9325) refers to lcd_ili9325.o(i.lcd_bus_test) for lcd_bus_test
    lcd_ili9325.o(i.init_lcd_ili9325) refers to lcd_ili9325.o(i.bus_lcd_write_reg) for bus_lcd_write_reg
    lcd_ili9325.o(i.init_lcd_ili9325) refers to lcd_ili9325.o(i.delay) for delay
    lcd_ili9325.o(i.init_lcd_ili9325) refers to lcd_ili9325.o(i.lcd_fill_color) for lcd_fill_color
    lcd_ili9325.o(i.lcd_bus_test) refers to lcd_ili9325.o(i.bus_lcd_write_reg) for bus_lcd_write_reg
    lcd_ili9325.o(i.lcd_bus_test) refers to lcd_ili9325.o(i.bus_lcd_read_reg) for bus_lcd_read_reg
    lcd_ili9325.o(i.lcd_draw_mirror_picture_by_coords) refers to lcd_ili9325.o(i.lcd_set_pixel) for lcd_set_pixel
    lcd_ili9325.o(i.lcd_draw_picture) refers to lcd_ili9325.o(i.lcd_set_pixel) for lcd_set_pixel
    lcd_ili9325.o(i.lcd_draw_picture_by_coords) refers to lcd_ili9325.o(i.lcd_set_pixel) for lcd_set_pixel
    lcd_ili9325.o(i.lcd_fill_color) refers to lcd_ili9325.o(i.bus_lcd_write_reg) for bus_lcd_write_reg
    lcd_ili9325.o(i.lcd_fill_color) refers to lcd_ili9325.o(i.board_lcd_write_words) for board_lcd_write_words
    lcd_ili9325.o(i.lcd_fill_region) refers to lcd_ili9325.o(i.bus_lcd_write_reg) for bus_lcd_write_reg
    lcd_ili9325.o(i.lcd_fill_region) refers to lcd_ili9325.o(i.board_lcd_write_words) for board_lcd_write_words
    lcd_ili9325.o(i.lcd_set_pixel) refers to lcd_ili9325.o(i.bus_lcd_write_reg) for bus_lcd_write_reg
    main.o(i.DMA1_Channel6_IRQHandler) refers to main.o(i.LL_DMA_IsEnabledIT_TE) for LL_DMA_IsEnabledIT_TE
    main.o(i.DMA1_Channel6_IRQHandler) refers to main.o(i.LL_DMA_DisableChannel) for LL_DMA_DisableChannel
    main.o(i.DMA1_Channel6_IRQHandler) refers to main.o(.data) for ubErrflag
    main.o(i.DMA1_Channel7_IRQHandler) refers to main.o(i.LL_DMA_DisableChannel) for LL_DMA_DisableChannel
    main.o(i.DMA1_Channel7_IRQHandler) refers to main.o(i.LL_DMA_IsEnabledIT_TE) for LL_DMA_IsEnabledIT_TE
    main.o(i.DMA1_Channel7_IRQHandler) refers to main.o(.constdata) for CHANNEL_OFFSET_TAB
    main.o(i.DMA1_Channel7_IRQHandler) refers to main.o(.data) for ubErrflag
    main.o(i.EXTI4_IRQHandler) refers to game.o(.data) for woldDir
    main.o(i.EXTI4_IRQHandler) refers to main.o(.data) for isStarted
    main.o(i.EXTI9_5_IRQHandler) refers to game.o(.data) for woldDir
    main.o(i.FM24CL16BG_rd) refers to main.o(i.LL_I2C_HandleTransfer) for LL_I2C_HandleTransfer
    main.o(i.FM24CL16BG_rd) refers to main.o(i.LL_I2C_IsActiveFlag_TXIS) for LL_I2C_IsActiveFlag_TXIS
    main.o(i.FM24CL16BG_rd) refers to main.o(i.LL_I2C_TransmitData8) for LL_I2C_TransmitData8
    main.o(i.FM24CL16BG_rd) refers to main.o(i.LL_I2C_IsActiveFlag_STOP) for LL_I2C_IsActiveFlag_STOP
    main.o(i.FM24CL16BG_rd) refers to main.o(i.LL_I2C_ClearFlag_STOP) for LL_I2C_ClearFlag_STOP
    main.o(i.FM24CL16BG_wr) refers to main.o(i.LL_I2C_HandleTransfer) for LL_I2C_HandleTransfer
    main.o(i.FM24CL16BG_wr) refers to main.o(i.LL_I2C_IsActiveFlag_TXIS) for LL_I2C_IsActiveFlag_TXIS
    main.o(i.FM24CL16BG_wr) refers to main.o(i.LL_I2C_TransmitData8) for LL_I2C_TransmitData8
[...]
    ../clib/angel/sys.s                      0x00000000   Number         0  sys_stackheap_outer.o ABSOLUTE
    ../clib/angel/sysapp.c                   0x00000000   Number         0  sys_command.o ABSOLUTE
    ../clib/angel/sysapp.c                   0x00000000   Number         0  sys_wrch.o ABSOLUTE
    ../clib/angel/sysapp.c                   0x00000000   Number         0  sys_io.o ABSOLUTE
    ../clib/angel/sysapp.c                   0x00000000   Number         0  sys_exit.o ABSOLUTE
    ../clib/armsys.c                         0x00000000   Number         0  argv_veneer.o ABSOLUTE
    ../clib/armsys.c                         0x00000000   Number         0  _get_argv.o ABSOLUTE
    ../clib/armsys.c                         0x00000000   Number         0  _get_argv_nomalloc.o ABSOLUTE
    ../clib/armsys.c                         0x00000000   Number         0  no_argv.o ABSOLUTE
    ../clib/armsys.c                         0x00000000   Number         0  argv_veneer.o ABSOLUTE
    ../clib/assert.c                         0x00000000   Number         0  assert_stdio.o ABSOLUTE
    ../clib/heap1.c                          0x00000000   Number         0  h1_free_mt.o ABSOLUTE
    ../clib/heap1.c                          0x00000000   Number         0  h1_alloc_mt.o ABSOLUTE
    ../clib/heap1.c                          0x00000000   Number         0  h1_init_mt.o ABSOLUTE
    ../clib/heap1.c                          0x00000000   Number         0  h1_extend.o ABSOLUTE
    ../clib/heap1.c                          0x00000000   Number         0  h1_init.o ABSOLUTE
    ../clib/heap1.c                          0x00000000   Number         0  h1_extend_mt.o ABSOLUTE
    ../clib/heap1.c                          0x00000000   Number         0  h1_alloc.o ABSOLUTE
    ../clib/heap1.c                          0x00000000   Number         0  h1_final_mt.o ABSOLUTE
    ../clib/heap1.c                          0x00000000   Number         0  h1_final.o ABSOLUTE
    ../clib/heap1.c                          0x00000000   Number         0  h1_free.o ABSOLUTE
    ../clib/heap2.c                          0x00000000   Number         0  heap2mt.o ABSOLUTE
    ../clib/heap2.c                          0x00000000   Number         0  heap2.o ABSOLUTE
    ../clib/heap2.c                          0x00000000   Number         0  fdtree.o ABSOLUTE
    ../clib/heapalloc.c                      0x00000000   Number         0  maybetermalloc1.o ABSOLUTE
    ../clib/heapalloc.c                      0x00000000   Number         0  maybetermalloc2.o ABSOLUTE
    ../clib/heapalloc.c                      0x00000000   Number         0  maybetermalloc2.o ABSOLUTE
    ../clib/heapalloc.c                      0x00000000   Number         0  term_alloc.o ABSOLUTE
    ../clib/heapalloc.c                      0x00000000   Number         0  heapstubs.o ABSOLUTE
    ../clib/heapalloc.c                      0x00000000   Number         0  init_alloc.o ABSOLUTE
    ../clib/heapalloc.c                      0x00000000   Number         0  hguard.o ABSOLUTE
    ../clib/heapalloc.c                      0x00000000   Number         0  free.o ABSOLUTE
    ../clib/heapalloc.c                      0x00000000   Number         0  maybetermalloc1.o ABSOLUTE
    ../clib/heapalloc.c                      0x00000000   Number         0  malloc.o ABSOLUTE
    ../clib/heapalloc.c                      0x00000000   Number         0  hrguard.o ABSOLUTE
    ../clib/heapaux.c                        0x00000000   Number         0  heapauxi.o ABSOLUTE
    ../clib/heapaux.c                        0x00000000   Number         0  heapauxa.o ABSOLUTE
    ../clib/libinit.s                        0x00000000   Number         0  libinit.o ABSOLUTE
    ../clib/libinit.s                        0x00000000   Number         0  libshutdown2.o ABSOLUTE
    ../clib/libinit.s                        0x00000000   Number         0  libinit2.o ABSOLUTE
    ../clib/libinit.s                        0x00000000   Number         0  libshutdown.o ABSOLUTE
    ../clib/memcpset.s                       0x00000000   Number         0  strncpy.o ABSOLUTE
    ../clib/memcpset.s                       0x00000000   Number         0  rt_memclr_w.o ABSOLUTE
    ../clib/memcpset.s                       0x00000000   Number         0  rt_memclr.o ABSOLUTE
    ../clib/memcpset.s                       0x00000000   Number         0  rt_memcpy_w.o ABSOLUTE
    ../clib/memcpset.s                       0x00000000   Number         0  rt_memcpy_v6.o ABSOLUTE
    ../clib/misc.s                           0x00000000   Number         0  printf_stubs.o ABSOLUTE
    ../clib/printf.c                         0x00000000   Number         0  _printf_hex_int_ll.o ABSOLUTE
    ../clib/printf.c                         0x00000000   Number         0  _printf_char_file_locked.o ABSOLUTE
    ../clib/printf.c                         0x00000000   Number         0  __2printf.o ABSOLUTE
    ../clib/printf.c                         0x00000000   Number         0  __printf_flags.o ABSOLUTE
    ../clib/printf.c                         0x00000000   Number         0  _printf_hex_int_ll_ptr.o ABSOLUTE
    ../clib/printf.c                         0x00000000   Number         0  _printf_intcommon.o ABSOLUTE
    ../clib/printf.c                         0x00000000   Number         0  __printf_nopercent.o ABSOLUTE
    ../clib/printf.c                         0x00000000   Number         0  _printf_hex_ll_ptr.o ABSOLUTE
    ../clib/printf.c                         0x00000000   Number         0  _printf_hex_int_ptr.o ABSOLUTE
    ../clib/printf.c                         0x00000000   Number         0  _printf_hex_ptr.o ABSOLUTE
    ../clib/printf.c                         0x00000000   Number         0  __2sprintf.o ABSOLUTE
    ../clib/printf.c                         0x00000000   Number         0  noretval__2printf.o ABSOLUTE
    ../clib/printf.c                         0x00000000   Number         0  noretval__2sprintf.o ABSOLUTE
    ../clib/printf.c                         0x00000000   Number         0  __printf.o ABSOLUTE
    ../clib/printf.c                         0x00000000   Number         0  _printf_pad.o ABSOLUTE
    ../clib/printf.c                         0x00000000   Number         0  _printf_dec.o ABSOLUTE
    ../clib/printf.c                         0x00000000   Number         0  _printf_char_file.o ABSOLUTE
    ../clib/printf.c                         0x00000000   Number         0  _sputc.o ABSOLUTE
    ../clib/printf.c                         0x00000000   Number         0  _printf_char_common.o ABSOLUTE
    ../clib/printf.c                         0x00000000   Number         0  _printf_hex_ll.o ABSOLUTE
    ../clib/printf.c                         0x00000000   Number         0  _printf_hex_int.o ABSOLUTE
    ../clib/printf.c                         0x00000000   Number         0  __printf_flags_ss_wp.o ABSOLUTE
    ../clib/printf.c                         0x00000000   Number         0  __printf_ss_wp.o ABSOLUTE
    ../clib/printf.c                         0x00000000   Number         0  __printf_flags_wp.o ABSOLUTE
    ../clib/printf.c                         0x00000000   Number         0  __printf_wp.o ABSOLUTE
    ../clib/printf.c                         0x00000000   Number         0  __printf_flags_ss.o ABSOLUTE
    ../clib/printf.c                         0x00000000   Number         0  __printf_ss.o ABSOLUTE
    ../clib/printf_percent.s                 0x00000000   Number         0  _printf_percent.o ABSOLUTE
    ../clib/printf_percent.s                 0x00000000   Number         0  _printf_i.o ABSOLUTE
    ../clib/printf_percent.s                 0x00000000   Number         0  _printf_x.o ABSOLUTE
    ../clib/printf_percent.s                 0x00000000   Number         0  _printf_percent_end.o ABSOLUTE
    ../clib/printf_percent.s                 0x00000000   Number         0  _printf_d.o ABSOLUTE
    ../clib/signal.c                         0x00000000   Number         0  __raise.o ABSOLUTE
    ../clib/signal.c                         0x00000000   Number         0  defsig_rtmem_inner.o ABSOLUTE
    ../clib/signal.c                         0x00000000   Number         0  defsig_rtred_formal.o ABSOLUTE
    ../clib/signal.c                         0x00000000   Number         0  defsig_rtred_inner.o ABSOLUTE
    ../clib/signal.c                         0x00000000   Number         0  defsig_exit.o ABSOLUTE
    ../clib/signal.c                         0x00000000   Number         0  defsig_abrt_inner.o ABSOLUTE
    ../clib/signal.c                         0x00000000   Number         0  defsig_fpe_inner.o ABSOLUTE
    ../clib/signal.c                         0x00000000   Number         0  defsig_general.o ABSOLUTE
    ../clib/signal.c                         0x00000000   Number         0  defsig_stak_inner.o ABSOLUTE
    ../clib/signal.c                         0x00000000   Number         0  defsig_pvfn_inner.o ABSOLUTE
    ../clib/signal.c                         0x00000000   Number         0  defsig_cppl_inner.o ABSOLUTE
    ../clib/signal.c                         0x00000000   Number         0  defsig_rtmem_outer.o ABSOLUTE
    ../clib/signal.c                         0x00000000   Number         0  defsig_rtred_outer.o ABSOLUTE
    ../clib/signal.c                         0x00000000   Number         0  defsig_segv_inner.o ABSOLUTE
    ../clib/signal.c                         0x00000000   Number         0  defsig_rtmem_formal.o ABSOLUTE
    ../clib/signal.c                         0x00000000   Number         0  defsig_other.o ABSOLUTE
    ../clib/signal.s                         0x00000000   Number         0  defsig.o ABSOLUTE
    ../clib/stdio.c                          0x00000000   Number         0  stdio.o ABSOLUTE
    ../clib/stdio.c                          0x00000000   Number         0  fseek.o ABSOLUTE
    ../clib/stdio.c                          0x00000000   Number         0  fopen_locked.o ABSOLUTE
    ../clib/stdio.c                          0x00000000   Number         0  setvbuf_locked.o ABSOLUTE
    ../clib/stdio.c                          0x00000000   Number         0  fclose.o ABSOLUTE
    ../clib/stdio.c                          0x00000000   Number         0  fopen.o ABSOLUTE
    ../clib/stdio.c                          0x00000000   Number         0  streamlock.o ABSOLUTE
    ../clib/stdio.c                          0x00000000   Number         0  setvbuf.o ABSOLUTE
    ../clib/stdio.c                          0x00000000   Number         0  flsbuf.o ABSOLUTE
    ../clib/stdio.c                          0x00000000   Number         0  fflush.o ABSOLUTE
    ../clib/stdio.c                          0x00000000   Number         0  stdio_streams.o ABSOLUTE
    ../clib/stdio.c                          0x00000000   Number         0  initio_locked.o ABSOLUTE
    ../clib/stdio.c                          0x00000000   Number         0  ferror_locked.o ABSOLUTE
    ../clib/stdio.c                          0x00000000   Number         0  fputc_locked.o ABSOLUTE
    ../clib/stdio.c                          0x00000000   Number         0  initio.o ABSOLUTE
    ../clib/stdio.c                          0x00000000   Number         0  fputc.o ABSOLUTE
    ../clib/stdio.c                          0x00000000   Number         0  ferror.o ABSOLUTE
    ../clib/stdio.c                          0x00000000   Number         0  fflush_locked.o ABSOLUTE
    ../clib/stdio.c                          0x00000000   Number         0  fputs_locked.o ABSOLUTE
    ../clib/stdio.c                          0x00000000   Number         0  ftell.o ABSOLUTE
    ../clib/stdio.c                          0x00000000   Number         0  fputs.o ABSOLUTE
    ../clib/stdio.c                          0x00000000   Number         0  fwritefast_locked.o ABSOLUTE
    ../clib/stdio.c                          0x00000000   Number         0  fwritefast.o ABSOLUTE
    ../clib/stdlib.c                         0x00000000   Number         0  rand.o ABSOLUTE
    ../clib/stdlib.c                         0x00000000   Number         0  rand.o ABSOLUTE
    ../clib/stdlib.c                         0x00000000   Number         0  exit.o ABSOLUTE
    ../clib/string.c                         0x00000000   Number         0  strcat.o ABSOLUTE
    ../clib/string.c                         0x00000000   Number         0  strlen.o ABSOLUTE
    ../clib/wchar.c                          0x00000000   Number         0  flsbuf_fwide.o ABSOLUTE
    ../fplib/fpinit.s                        0x00000000   Number         0  fpinit.o ABSOLUTE
    C:\Program Files\Keil\MDK-ARM-v5-Packs\Keil\STM32F3xx_DFP\2.1.0\Drivers\STM32F3xx_HAL_Driver\Src\stm32f3xx_ll_dma.c 0x00000000   Number         0  stm32f3xx_ll_dma.o ABSOLUTE
    C:\Program Files\Keil\MDK-ARM-v5-Packs\Keil\STM32F3xx_DFP\2.1.0\Drivers\STM32F3xx_HAL_Driver\Src\stm32f3xx_ll_gpio.c 0x00000000   Number         0  stm32f3xx_ll_gpio.o ABSOLUTE
    C:\Program Files\Keil\MDK-ARM-v5-Packs\Keil\STM32F3xx_DFP\2.1.0\Drivers\STM32F3xx_HAL_Driver\Src\stm32f3xx_ll_i2c.c 0x00000000   Number         0  stm32f3xx_ll_i2c.o ABSOLUTE
    C:\Program Files\Keil\MDK-ARM-v5-Packs\Keil\STM32F3xx_DFP\2.1.0\Drivers\STM32F3xx_HAL_Driver\Src\stm32f3xx_ll_pwr.c 0x00000000   Number         0  stm32f3xx_ll_pwr.o ABSOLUTE
    C:\Program Files\Keil\MDK-ARM-v5-Packs\Keil\STM32F3xx_DFP\2.1.0\Drivers\STM32F3xx_HAL_Driver\Src\stm32f3xx_ll_rcc.c 0x00000000   Number         0  stm32f3xx_ll_rcc.o ABSOLUTE
    C:\Program Files\Keil\MDK-ARM-v5-Packs\Keil\STM32F3xx_DFP\2.1.0\Drivers\STM32F3xx_HAL_Driver\Src\stm32f3xx_ll_usart.c 0x00000000   Number         0  stm32f3xx_ll_usart.o ABSOLUTE
    C:\Program Files\Keil\MDK-ARM-v5-Packs\Keil\STM32F3xx_DFP\2.1.0\Drivers\STM32F3xx_HAL_Driver\Src\stm32f3xx_ll_utils.c 0x00000000   Number         0  stm32f3xx_ll_utils.o ABSOLUTE
    C:\Program Files\Keil\MDK-ARM-v5-Packs\Keil\STM32F3xx_DFP\2.1.0\MDK\Driver\stm32f3xx_ll.c 0x00000000   Number         0  stm32f3xx_ll.o ABSOLUTE
    C:\\Program Files\\Keil\\MDK-ARM-v5-Packs\\Keil\\STM32F3xx_DFP\\2.1.0\\Drivers\\STM32F3xx_HAL_Driver\\Src\\stm32f3xx_ll_dma.c 0x00000000   Number         0  stm32f3xx_ll_dma.o ABSOLUTE
    C:\\Program Files\\Keil\\MDK-ARM-v5-Packs\\Keil\\STM32F3xx_DFP\\2.1.0\\Drivers\\STM32F3xx_HAL_Driver\\Src\\stm32f3xx_ll_gpio.c 0x00000000   Number         0  stm32f3xx_ll_gpio.o ABSOLUTE
    C:\\Program Files\\Keil\\MDK-ARM-v5-Packs\\Keil\\STM32F3xx_DFP\\2.1.0\\Drivers\\STM32F3xx_HAL_Driver\\Src\\stm32f3xx_ll_i2c.c 0x00000000   Number         0  stm32f3xx_ll_i2c.o ABSOLUTE
    C:\\Program Files\\Keil\\MDK-ARM-v5-Packs\\Keil\\STM32F3xx_DFP\\2.1.0\\Drivers\\STM32F3xx_HAL_Driver\\Src\\stm32f3xx_ll_pwr.c 0x00000000   Number         0  stm32f3xx_ll_pwr.o ABSOLUTE
    C:\\Program Files\\Keil\\MDK-ARM-v5-Packs\\Keil\\STM32F3xx_DFP\\2.1.0\\Drivers\\STM32F3xx_HAL_Driver\\Src\\stm32f3xx_ll_rcc.c 0x00000000   Number         0  stm32f3xx_ll_rcc.o ABSOLUTE
    C:\\Program Files\\Keil\\MDK-ARM-v5-Packs\\Keil\\STM32F3xx_DFP\\2.1.0\\Drivers\\STM32F3xx_HAL_Driver\\Src\\stm32f3xx_ll_usart.c 0x00000000   Number         0  stm32f3xx_ll_usart.o ABSOLUTE
    C:\\Program Files\\Keil\\MDK-ARM-v5-Packs\\Keil\\STM32F3xx_DFP\\2.1.0\\Drivers\\STM32F3xx_HAL_Driver\\Src\\stm32f3xx_ll_utils.c 0x00000000   Number         0  stm32f3xx_ll_utils.o ABSOLUTE
    RTE\Device\STM32F303VCTx\startup_stm32f303xc.s 0x00000000   Number         0  startup_stm32f303xc.o ABSOLUTE
    RTE\Device\STM32F303VCTx\system_stm32f3xx.c 0x00000000   Number         0  system_stm32f3xx.o ABSOLUTE
    RTE\\Device\\STM32F303VCTx\\system_stm32f3xx.c 0x00000000   Number         0  system_stm32f3xx.o ABSOLUTE
    dc.s                                     0x00000000   Number         0  dc.o ABSOLUTE
    user\AsciiLib.c                          0x00000000   Number         0  asciilib.o ABSOLUTE
    user\LCD_ILI9325.c                       0x00000000   Number         0  lcd_ili9325.o ABSOLUTE
    user\\LCD_ILI9325.c                      0x00000000   Number         0  lcd_ili9325.o ABSOLUTE
    user\\main.c                             0x00000000   Number         0  main.o ABSOLUTE
    user\frames.c                            0x00000000   Number         0  frames.o ABSOLUTE
    user\game.c                              0x00000000   Number         0  game.o ABSOLUTE
    user\main.c                              0x00000000   Number         0  main.o ABSOLUTE
    RESET                                    0x08000000   Section      392  startup_stm32f303xc.o(RESET)
    !!!main                                  0x08000188   Section        8  __main.o(!!!main)
    !!!scatter                               0x08000190   Section       52  __scatter.o(!!!scatter)
    !!dclz77c                                0x080001c4   Section      100  __dclz77c.o(!!dclz77c)
    !!handler_zi                             0x08000228   Section       28  __scatter_zi.o(!!handler_zi)
    .ARM.Collect$$libinit$$00000000          0x08000244   Section        2  libinit.o(.ARM.Collect$$libinit$$00000000)
    .ARM.Collect$$libinit$$00000001          0x08000246   Section        4  libinit2.o(.ARM.Collect$$libinit$$00000001)
    .ARM.Collect$$libinit$$00000004          0x0800024a   Section        0  libinit2.o(.ARM.Collect$$libinit$$00000004)
    .ARM.Collect$$libinit$$00000005          0x0800024a   Section        8  libinit2.o(.ARM.Collect$$libinit$$00000005)
    .ARM.Collect$$libinit$$0000000A          0x08000252   Section        0  libinit2.o(.ARM.Collect$$libinit$$0000000A)
    .ARM.Collect$$libinit$$0000000C          0x08000252   Section        0  libinit2.o(.ARM.Collect$$libinit$$0000000C)
    .ARM.Collect$$libinit$$0000000D          0x08000252   Section        4  libinit2.o(.ARM.Collect$$libinit$$0000000D)
    .ARM.Collect$$libinit$$0000000E          0x08000256   Section        0  libinit2.o(.ARM.Collect$$libinit$$0000000E)
    .ARM.Collect$$libinit$$00000011          0x08000256   Section        0  libinit2.o(.ARM.Collect$$libinit$$00000011)
    .ARM.Collect$$libinit$$00000013          0x08000256   Section        0  libinit2.o(.ARM.Collect$$libinit$$00000013)
    .ARM.Collect$$libinit$$00000015          0x08000256   Section        0  libinit2.o(.ARM.Collect$$libinit$$00000015)
    .ARM.Collect$$libinit$$00000017          0x08000256   Section        0  libinit2.o(.ARM.Collect$$libinit$$00000017)
    .ARM.Collect$$libinit$$00000019          0x08000256   Section        0  libinit2.o(.ARM.Collect$$libinit$$00000019)
    .ARM.Collect$$libinit$$0000001B          0x08000256   Section        0  libinit2.o(.ARM.Collect$$libinit$$0000001B)
    .ARM.Collect$$libinit$$0000001D          0x08000256   Section        0  libinit2.o(.ARM.Collect$$libinit$$0000001D)
    .ARM.Collect$$libinit$$0000001F          0x08000256   Section        0  libinit2.o(.ARM.Collect$$libinit$$0000001F)
    .ARM.Collect$$libinit$$00000021          0x08000256   Section        0  libinit2.o(.ARM.Collect$$libinit$$00000021)
    .ARM.Collect$$libinit$$00000023          0x08000256   Section        0  libinit2.o(.ARM.Collect$$libinit$$00000023)
    .ARM.Collect$$libinit$$00000025          0x08000256   Section        0  libinit2.o(.ARM.Collect$$libinit$$00000025)
    .ARM.Collect$$libinit$$0000002C          0x08000256   Section        0  libinit2.o(.ARM.Collect$$libinit$$0000002C)
    .ARM.Collect$$libinit$$0000002E          0x08000256   Section        0  libinit2.o(.ARM.Collect$$libinit$$0000002E)
    .ARM.Collect$$libinit$$00000030          0x08000256   Section        0  libinit2.o(.ARM.Collect$$libinit$$00000030)
    .ARM.Collect$$libinit$$00000032          0x08000256   Section        0  libinit2.o(.ARM.Collect$$libinit$$00000032)
    .ARM.Collect$$libinit$$00000033          0x08000256   Section        2  libinit2.o(.ARM.Collect$$libinit$$00000033)
    .ARM.Collect$$libshutdown$$00000000      0x08000258   Section        2  libshutdown.o(.ARM.Collect$$libshutdown$$00000000)
    .ARM.Collect$$libshutdown$$00000002      0x0800025a   Section        0  libshutdown2.o(.ARM.Collect$$libshutdown$$00000002)
    .ARM.Collect$$libshutdown$$00000004      0x0800025a   Section        0  libshutdown2.o(.ARM.Collect$$libshutdown$$00000004)
    .ARM.Collect$$libshutdown$$00000007      0x0800025a   Section        0  libshutdown2.o(.ARM.Collect$$libshutdown$$00000007)
    .ARM.Collect$$libshutdown$$0000000A      0x0800025a   Section        0  libshutdown2.o(.ARM.Collect$$libshutdown$$0000000A)
    .ARM.Collect$$libshutdown$$0000000C      0x0800025a   Section        0  libshutdown2.o(.ARM.Collect$$libshutdown$$0000000C)
    .ARM.Collect$$libshutdown$$0000000F      0x0800025a   Section        0  libshutdown2.o(.ARM.Collect$$libshutdown$$0000000F)
    .ARM.Collect$$libshutdown$$00000010      0x0800025a   Section        2  libshutdown2.o(.ARM.Collect$$libshutdown$$00000010)
    .ARM.Collect$$rtentry$$00000000          0x0800025c   Section        0  __rtentry.o(.ARM.Collect$$rtentry$$00000000)
    .ARM.Collect$$rtentry$$00000002          0x0800025c   Section        0  __rtentry2.o(.ARM.Collect$$rtentry$$00000002)
    .ARM.Collect$$rtentry$$00000004          0x0800025c   Section        6  __rtentry4.o(.ARM.Collect$$rtentry$$00000004)
    .ARM.Collect$$rtentry$$00000009          0x08000262   Section        0  __rtentry2.o(.ARM.Collect$$rtentry$$00000009)
    .ARM.Collect$$rtentry$$0000000A          0x08000262   Section        4  __rtentry2.o(.ARM.Collect$$rtentry$$0000000A)
    .ARM.Collect$$rtentry$$0000000C          0x08000266   Section        0  __rtentry2.o(.ARM.Collect$$rtentry$$0000000C)
    .ARM.Collect$$rtentry$$0000000D          0x08000266   Section        8  __rtentry2.o(.ARM.Collect$$rtentry$$0000000D)
    .ARM.Collect$$rtexit$$00000000           0x0800026e   Section        2  rtexit.o(.ARM.Collect$$rtexit$$00000000)
    .ARM.Collect$$rtexit$$00000002           0x08000270   Section        0  rtexit2.o(.ARM.Collect$$rtexit$$00000002)
    .ARM.Collect$$rtexit$$00000003           0x08000270   Section        4  rtexit2.o(.ARM.Collect$$rtexit$$00000003)
    .ARM.Collect$$rtexit$$00000004           0x08000274   Section        6  rtexit2.o(.ARM.Collect$$rtexit$$00000004)
    .emb_text                                0x0800027c   Section       52  rand.o(.emb_text)
    .emb_text                                0x080002b0   Section        0  maybetermalloc1.o(.emb_text)
    .text                                    0x080002b0   Section       64  startup_stm32f303xc.o(.text)
    $v0                                      0x080002b0   Number         0  startup_stm32f303xc.o(.text)
    .text                                    0x080002f0   Section        0  h1_alloc.o(.text)
    .text                                    0x0800034e   Section        0  h1_free.o(.text)
    .text                                    0x0800039c   Section        0  rand.o(.text)
    .text                                    0x080003d8   Section        0  strlen.o(.text)
    .text                                    0x08000416   Section      138  rt_memcpy_v6.o(.text)
    .text                                    0x080004a0   Section       78  rt_memclr_w.o(.text)
    .text                                    0x080004ee   Section       86  strncpy.o(.text)
    .text                                    0x08000544   Section        0  heapauxi.o(.text)
    .text                                    0x0800054c   Section        8  rt_heap_descriptor_intlibspace.o(.text)
    .text                                    0x08000554   Section        0  hguard.o(.text)
    .text                                    0x08000558   Section        0  init_alloc.o(.text)
    .text                                    0x080005e2   Section        0  h1_init.o(.text)
    .text                                    0x080005f0   Section      100  rt_memcpy_w.o(.text)
    .text                                    0x08000654   Section       68  rt_memclr.o(.text)
    .text                                    0x08000698   Section        8  libspace.o(.text)
    .text                                    0x080006a0   Section        0  h1_extend.o(.text)
    .text                                    0x080006d4   Section        0  defsig_rtmem_outer.o(.text)
    .text                                    0x080006e2   Section        2  use_no_semi.o(.text)
    .text                                    0x080006e4   Section       74  sys_stackheap_outer.o(.text)
    .text                                    0x080006e4   Section        0  indicate_semi.o(.text)
    .text                                    0x0800072e   Section        0  exit.o(.text)
    .text                                    0x08000740   Section        0  defsig_exit.o(.text)
    .text                                    0x0800074c   Section        0  defsig_rtmem_inner.o(.text)
    .text                                    0x0800079c   Section        0  sys_exit.o(.text)
    .text                                    0x080007a8   Section        0  defsig_general.o(.text)
    .text                                    0x080007da   Section        0  sys_wrch.o(.text)
    i.DMA1_Channel6_IRQHandler               0x080007e8   Section        0  main.o(i.DMA1_Channel6_IRQHandler)
    i.DMA1_Channel7_IRQHandler               0x08000828   Section        0  main.o(i.DMA1_Channel7_IRQHandler)
    i.EXTI4_IRQHandler                       0x0800089c   Section        0  main.o(i.EXTI4_IRQHandler)
    i.EXTI9_5_IRQHandler                     0x080008c4   Section        0  main.o(i.EXTI9_5_IRQHandler)
    i.GetASCIICode                           0x0800090c   Section        0  asciilib.o(i.GetASCIICode)
    i.LCDprintChar                           0x0800092c   Section        0  asciilib.o(i.LCDprintChar)
    i.LL_AHB1_GRP1_EnableClock               0x08000a04   Section        0  lcd_ili9325.o(i.LL_AHB1_GRP1_EnableClock)
    LL_AHB1_GRP1_EnableClock                 0x08000a05   Thumb Code    24  lcd_ili9325.o(i.LL_AHB1_GRP1_EnableClock)
    i.LL_AHB1_GRP1_EnableClock               0x08000a20   Section        0  main.o(i.LL_AHB1_GRP1_EnableClock)
    LL_AHB1_GRP1_EnableClock                 0x08000a21   Thumb Code    24  main.o(i.LL_AHB1_GRP1_EnableClock)
    i.LL_APB1_GRP1_EnableClock               0x08000a3c   Section        0  main.o(i.LL_APB1_GRP1_EnableClock)
    LL_APB1_GRP1_EnableClock                 0x08000a3d   Thumb Code    24  main.o(i.LL_APB1_GRP1_EnableClock)
    i.LL_DMA_ConfigAddresses                 0x08000a58   Section        0  main.o(i.LL_DMA_ConfigAddresses)
    LL_DMA_ConfigAddresses                   0x08000a59   Thumb Code    48  main.o(i.LL_DMA_ConfigAddresses)
    i.LL_DMA_ConfigTransfer                  0x08000a8c   Section        0  main.o(i.LL_DMA_ConfigTransfer)
    LL_DMA_ConfigTransfer                    0x08000a8d   Thumb Code    28  main.o(i.LL_DMA_ConfigTransfer)
    i.LL_DMA_DisableChannel                  0x08000aac   Section        0  main.o(i.LL_DMA_DisableChannel)
    LL_DMA_DisableChannel                    0x08000aad   Thumb Code    24  main.o(i.LL_DMA_DisableChannel)
    i.LL_DMA_EnableChannel                   0x08000ac8   Section        0  main.o(i.LL_DMA_EnableChannel)
    LL_DMA_EnableChannel                     0x08000ac9   Thumb Code    24  main.o(i.LL_DMA_EnableChannel)
    i.LL_DMA_EnableIT_TE                     0x08000ae4   Section        0  main.o(i.LL_DMA_EnableIT_TE)
    LL_DMA_EnableIT_TE                       0x08000ae5   Thumb Code    24  main.o(i.LL_DMA_EnableIT_TE)
    i.LL_DMA_GetDataTransferDirection        0x08000b00   Section        0  main.o(i.LL_DMA_GetDataTransferDirection)
    LL_DMA_GetDataTransferDirection          0x08000b01   Thumb Code    18  main.o(i.LL_DMA_GetDataTransferDirection)
    i.LL_DMA_IsEnabledIT_TE                  0x08000b18   Section        0  main.o(i.LL_DMA_IsEnabledIT_TE)
    LL_DMA_IsEnabledIT_TE                    0x08000b19   Thumb Code    16  main.o(i.LL_DMA_IsEnabledIT_TE)
    i.LL_DMA_SetDataLength                   0x08000b2c   Section        0  main.o(i.LL_DMA_SetDataLength)
    LL_DMA_SetDataLength                     0x08000b2d   Thumb Code    30  main.o(i.LL_DMA_SetDataLength)
    i.LL_GPIO_Init                           0x08000b50   Section        0  stm32f3xx_ll_gpio.o(i.LL_GPIO_Init)
    i.LL_GPIO_SetAFPin_0_7                   0x08000c94   Section        0  main.o(i.LL_GPIO_SetAFPin_0_7)
    LL_GPIO_SetAFPin_0_7                     0x08000c95   Thumb Code    40  main.o(i.LL_GPIO_SetAFPin_0_7)
    i.LL_GPIO_SetOutputPin                   0x08000cbc   Section        0  lcd_ili9325.o(i.LL_GPIO_SetOutputPin)
    LL_GPIO_SetOutputPin                     0x08000cbd   Thumb Code     4  lcd_ili9325.o(i.LL_GPIO_SetOutputPin)
    i.LL_GPIO_SetPinMode                     0x08000cc0   Section        0  main.o(i.LL_GPIO_SetPinMode)
    LL_GPIO_SetPinMode                       0x08000cc1   Thumb Code    40  main.o(i.LL_GPIO_SetPinMode)
    i.LL_GPIO_SetPinPull                     0x08000ce8   Section        0  main.o(i.LL_GPIO_SetPinPull)
    LL_GPIO_SetPinPull                       0x08000ce9   Thumb Code    40  main.o(i.LL_GPIO_SetPinPull)
    i.LL_GPIO_SetPinSpeed                    0x08000d10   Section        0  main.o(i.LL_GPIO_SetPinSpeed)
    LL_GPIO_SetPinSpeed                      0x08000d11   Thumb Code    40  main.o(i.LL_GPIO_SetPinSpeed)
    i.LL_I2C_Init                            0x08000d38   Section        0  stm32f3xx_ll_i2c.o(i.LL_I2C_Init)
    i.LL_Init1msTick                         0x08000dc0   Section        0  stm32f3xx_ll_utils.o(i.LL_Init1msTick)
    i.LL_RCC_GetUSARTClockFreq               0x08000ddc   Section        0  stm32f3xx_ll_rcc.o(i.LL_RCC_GetUSARTClockFreq)
    i.LL_RCC_GetUSARTClockSource             0x08000ef8   Section        0  stm32f3xx_ll_rcc.o(i.LL_RCC_GetUSARTClockSource)
    LL_RCC_GetUSARTClockSource               0x08000ef9   Thumb Code    18  stm32f3xx_ll_rcc.o(i.LL_RCC_GetUSARTClockSource)
    i.LL_RCC_HSI_IsReady                     0x08000f10   Section        0  stm32f3xx_ll_rcc.o(i.LL_RCC_HSI_IsReady)
    LL_RCC_HSI_IsReady                       0x08000f11   Thumb Code    10  stm32f3xx_ll_rcc.o(i.LL_RCC_HSI_IsReady)
    i.LL_RCC_LSE_IsReady                     0x08000f20   Section        0  stm32f3xx_ll_rcc.o(i.LL_RCC_LSE_IsReady)
    LL_RCC_LSE_IsReady                       0x08000f21   Thumb Code    10  stm32f3xx_ll_rcc.o(i.LL_RCC_LSE_IsReady)
    i.LL_SetSystemCoreClock                  0x08000f30   Section        0  stm32f3xx_ll_utils.o(i.LL_SetSystemCoreClock)
    i.LL_USART_DMA_GetRegAddr                0x08000f3c   Section        0  main.o(i.LL_USART_DMA_GetRegAddr)
    LL_USART_DMA_GetRegAddr                  0x08000f3d   Thumb Code    18  main.o(i.LL_USART_DMA_GetRegAddr)
    i.RCC_GetHCLKClockFreq                   0x08000f50   Section        0  stm32f3xx_ll_rcc.o(i.RCC_GetHCLKClockFreq)
    i.RCC_GetPCLK1ClockFreq                  0x08000f70   Section        0  stm32f3xx_ll_rcc.o(i.RCC_GetPCLK1ClockFreq)
    i.RCC_GetPCLK2ClockFreq                  0x08000f94   Section        0  stm32f3xx_ll_rcc.o(i.RCC_GetPCLK2ClockFreq)
    i.RCC_GetSystemClockFreq                 0x08000fb8   Section        0  stm32f3xx_ll_rcc.o(i.RCC_GetSystemClockFreq)
    i.RCC_PLL_GetFreqDomain_SYS              0x08000ff4   Section        0  stm32f3xx_ll_rcc.o(i.RCC_PLL_GetFreqDomain_SYS)
    i.SysTick_Handler                        0x0800105c   Section        0  main.o(i.SysTick_Handler)
    i.SystemClock_Config                     0x0800106c   Section        0  main.o(i.SystemClock_Config)
    i.SystemInit                             0x08001158   Section        0  system_stm32f3xx.o(i.SystemInit)
    i.USART2_IRQHandler                      0x080011d4   Section        0  main.o(i.USART2_IRQHandler)
    i.__NVIC_EnableIRQ                       0x080012ec   Section        0  main.o(i.__NVIC_EnableIRQ)
    __NVIC_EnableIRQ                         0x080012ed   Thumb Code    34  main.o(i.__NVIC_EnableIRQ)
    i.__NVIC_SetPriority                     0x08001310   Section        0  main.o(i.__NVIC_SetPriority)
    __NVIC_SetPriority                       0x08001311   Thumb Code    32  main.o(i.__NVIC_SetPriority)
    i.addEgg                                 0x08001338   Section        0  game.o(i.addEgg)
    i.board_lcd_reset                        0x08001350   Section        0  lcd_ili9325.o(i.board_lcd_reset)
    board_lcd_reset                          0x08001351   Thumb Code    28  lcd_ili9325.o(i.board_lcd_reset)
    i.board_lcd_write_words                  0x08001370   Section        0  lcd_ili9325.o(i.board_lcd_write_words)
    board_lcd_write_words                    0x08001371   Thumb Code   102  lcd_ili9325.o(i.board_lcd_write_words)
    i.bus_lcd_read_reg                       0x080013e0   Section        0  lcd_ili9325.o(i.bus_lcd_read_reg)
    bus_lcd_read_reg                         0x080013e1   Thumb Code   112  lcd_ili9325.o(i.bus_lcd_read_reg)
    i.bus_lcd_write_reg                      0x08001458   Section        0  lcd_ili9325.o(i.bus_lcd_write_reg)
    bus_lcd_write_reg                        0x08001459   Thumb Code    86  lcd_ili9325.o(i.bus_lcd_write_reg)
    i.collision                              0x080014b8   Section        0  game.o(i.collision)
    i.convertToChar                          0x08001514   Section        0  main.o(i.convertToChar)
    i.delay                                  0x08001558   Section        0  lcd_ili9325.o(i.delay)
    i.deleteEgg                              0x08001574   Section        0  game.o(i.deleteEgg)
    i.drawEgg                                0x080015c8   Section        0  main.o(i.drawEgg)
    i.drawScene                              0x0800162c   Section        0  main.o(i.drawScene)
    i.gpio_lcd_init                          0x080017b8   Section        0  lcd_ili9325.o(i.gpio_lcd_init)
    i.init_I2C_FRAM                          0x08001874   Section        0  main.o(i.init_I2C_FRAM)
    i.init_UART2_DMA                         0x08001954   Section        0  main.o(i.init_UART2_DMA)
    i.init_lcd_ili9325                       0x08001b80   Section        0  lcd_ili9325.o(i.init_lcd_ili9325)
    i.lcd_bus_test                           0x08001da8   Section        0  lcd_ili9325.o(i.lcd_bus_test)
    lcd_bus_test                             0x08001da9   Thumb Code    56  lcd_ili9325.o(i.lcd_bus_test)
    i.lcd_draw_mirror_picture_by_coords      0x08001de0   Section        0  lcd_ili9325.o(i.lcd_draw_mirror_picture_by_coords)
    i.lcd_draw_picture                       0x08001e10   Section        0  lcd_ili9325.o(i.lcd_draw_picture)
    i.lcd_draw_picture_by_coords             0x08001e76   Section        0  lcd_ili9325.o(i.lcd_draw_picture_by_coords)
    i.lcd_fill_color                         0x08001eac   Section        0  lcd_ili9325.o(i.lcd_fill_color)
    i.lcd_fill_region                        0x08001f80   Section        0  lcd_ili9325.o(i.lcd_fill_region)
    i.lcd_set_pixel                          0x08002014   Section        0  lcd_ili9325.o(i.lcd_set_pixel)
    i.listFunction                           0x08002078   Section        0  game.o(i.listFunction)
    i.listInitialization                     0x08002094   Section        0  game.o(i.listInitialization)
    i.main                                   0x080020ac   Section        0  main.o(i.main)
    i.move                                   0x080021ec   Section        0  game.o(i.move)
    i.putbuf_char                            0x08002260   Section        0  asciilib.o(i.putbuf_char)
    i.randomEgg                              0x08002318   Section        0  game.o(i.randomEgg)
    i.reverseString                          0x08002358   Section        0  main.o(i.reverseString)
    i.run                                    0x08002390   Section        0  main.o(i.run)
    i.setupButtons                           0x08002404   Section        0  main.o(i.setupButtons)
    x$fpl$fpinit                             0x08002508   Section       10  fpinit.o(x$fpl$fpinit)
    $v0                                      0x08002508   Number         0  fpinit.o(x$fpl$fpinit)
    .constdata                               0x08002512   Section     1520  asciilib.o(.constdata)
    AsciiLib                                 0x08002512   Data        1520  asciilib.o(.constdata)
    .constdata                               0x08002b02   Section        7  main.o(.constdata)
    CHANNEL_OFFSET_TAB                       0x08002b02   Data           7  main.o(.constdata)
    .constdata                               0x08002b09   Section       24  system_stm32f3xx.o(.constdata)
    .data                                    0x20000000   Section      153  main.o(.data)
    cnt1ms                                   0x20000000   Data           4  main.o(.data)
    old_pos                                  0x20000098   Data           1  main.o(.data)
    .data                                    0x2000009c   Section    17880  frames.o(.data)
    .data                                    0x20004674   Section       28  game.o(.data)
    .data                                    0x20004690   Section        4  system_stm32f3xx.o(.data)
    .bss                                     0x20004694   Section      128  main.o(.bss)
    .bss                                     0x20004714   Section      228  rand.o(.bss)
    .bss                                     0x200047f8   Section       96  libspace.o(.bss)
    HEAP                                     0x20004858   Section     9472  startup_stm32f303xc.o(HEAP)
    Heap_Mem                                 0x20004858   Data        9472  startup_stm32f303xc.o(HEAP)
    STACK                                    0x20006d58   Section     2048  startup_stm32f303xc.o(STACK)
    Stack_Mem                                0x20006d58   Data        2048  startup_stm32f303xc.o(STACK)
    __initial_sp                             0x20007558   Data           0  startup_stm32f303xc.o(STACK)

    Global Symbols

    Symbol Name                              Value     Ov Type        Size  Object(Section)

    BuildAttributes$$THM_ISAv4$E$P$D$K$B$S$7EM$VFPi3$EXTD16$VFPS$VFMA$PE$A:L22UL41UL21$X:L11$S22US41US21$IEEE1$IW$USESV6$~STKCKD$USESV7$~SHL$OTIME$ROPI$EBA8$UX$STANDARDLIB$REQ8$PRES8$EABIv2 0x00000000   Number         0  anon$$obj.o ABSOLUTE
    __ARM_use_no_argv                        0x00000000   Number         0  main.o ABSOLUTE
    _printf_flags                            0x00000000   Number         0  printf_stubs.o ABSOLUTE
    _printf_return_value                     0x00000000   Number         0  printf_stubs.o ABSOLUTE
    _printf_sizespec                         0x00000000   Number         0  printf_stubs.o ABSOLUTE
    _printf_widthprec                        0x00000000   Number         0  printf_stubs.o ABSOLUTE
    __ARM_exceptions_init                     - Undefined Weak Reference
    __alloca_initialize                       - Undefined Weak Reference
    __arm_preinit_                            - Undefined Weak Reference
    __cpp_initialize__aeabi_                  - Undefined Weak Reference
    __cxa_finalize                            - Undefined Weak Reference
    __rt_locale                               - Undefined Weak Reference
    __sigvec_lookup                           - Undefined Weak Reference
    __user_heap_extent                        - Undefined Weak Reference
    _atexit_init                              - Undefined Weak Reference
    _call_atexit_fns                          - Undefined Weak Reference
    _clock_init                               - Undefined Weak Reference
    _fp_trap_init                             - Undefined Weak Reference
    _fp_trap_shutdown                         - Undefined Weak Reference
    _get_lc_collate                           - Undefined Weak Reference
    _get_lc_ctype                             - Undefined Weak Reference
    _get_lc_monetary                          - Undefined Weak Reference
    _get_lc_numeric                           - Undefined Weak Reference
    _get_lc_time                              - Undefined Weak Reference
    _getenv_init                              - Undefined Weak Reference
    _handle_redirection                       - Undefined Weak Reference
    _mutex_acquire                            - Undefined Weak Reference
    _mutex_free                               - Undefined Weak Reference
    _mutex_release                            - Undefined Weak Reference
    _printf_truncate_signed                   - Undefined Weak Reference
    _printf_truncate_unsigned                 - Undefined Weak Reference
    _signal_finish                            - Undefined Weak Reference
    _signal_init                              - Undefined Weak Reference
    __Vectors_Size                           0x00000188   Number         0  startup_stm32f303xc.o ABSOLUTE
    __Vectors                                0x08000000   Data           4  startup_stm32f303xc.o(RESET)
    __Vectors_End                            0x08000188   Data           0  startup_stm32f303xc.o(RESET)
    __main                                   0x08000189   Thumb Code     8  __main.o(!!!main)
    __scatterload                            0x08000191   Thumb Code     0  __scatter.o(!!!scatter)
    __scatterload_rt2                        0x08000191   Thumb Code    44  __scatter.o(!!!scatter)
    __scatterload_rt2_thumb_only             0x08000191   Thumb Code     0  __scatter.o(!!!scatter)
    __scatterload_null                       0x0800019f   Thumb Code     0  __scatter.o(!!!scatter)
    __decompress                             0x080001c5   Thumb Code   100  __dclz77c.o(!!dclz77c)
    __decompress2                            0x080001c5   Thumb Code     0  __dclz77c.o(!!dclz77c)
    __scatterload_zeroinit                   0x08000229   Thumb Code    28  __scatter_zi.o(!!handler_zi)
    __rt_lib_init                            0x08000245   Thumb Code     0  libinit.o(.ARM.Collect$$libinit$$00000000)
    __rt_lib_init_fp_1                       0x08000247   Thumb Code     0  libinit2.o(.ARM.Collect$$libinit$$00000001)
    __rt_lib_init_heap_2                     0x0800024b   Thumb Code     0  libinit2.o(.ARM.Collect$$libinit$$00000005)
    __rt_lib_init_preinit_1                  0x0800024b   Thumb Code     0  libinit2.o(.ARM.Collect$$libinit$$00000004)
    __rt_lib_init_heap_1                     0x08000253   Thumb Code     0  libinit2.o(.ARM.Collect$$libinit$$0000000A)
    __rt_lib_init_rand_2                     0x08000253   Thumb Code     0  libinit2.o(.ARM.Collect$$libinit$$0000000D)
    __rt_lib_init_user_alloc_1               0x08000253   Thumb Code     0  libinit2.o(.ARM.Collect$$libinit$$0000000C)
    __rt_lib_init_alloca_1                   0x08000257   Thumb Code     0  libinit2.o(.ARM.Collect$$libinit$$0000002E)
    __rt_lib_init_argv_1                     0x08000257   Thumb Code     0  libinit2.o(.ARM.Collect$$libinit$$0000002C)
    __rt_lib_init_atexit_1                   0x08000257   Thumb Code     0  libinit2.o(.ARM.Collect$$libinit$$0000001B)
    __rt_lib_init_clock_1                    0x08000257   Thumb Code     0  libinit2.o(.ARM.Collect$$libinit$$00000021)
    __rt_lib_init_cpp_1                      0x08000257   Thumb Code     0  libinit2.o(.ARM.Collect$$libinit$$00000032)
    __rt_lib_init_exceptions_1               0x08000257   Thumb Code     0  libinit2.o(.ARM.Collect$$libinit$$00000030)
    __rt_lib_init_fp_trap_1                  0x08000257   Thumb Code     0  libinit2.o(.ARM.Collect$$libinit$$0000001F)
    __rt_lib_init_getenv_1                   0x08000257   Thumb Code     0  libinit2.o(.ARM.Collect$$libinit$$00000023)
    __rt_lib_init_lc_collate_1               0x08000257   Thumb Code     0  libinit2.o(.ARM.Collect$$libinit$$00000011)
    __rt_lib_init_lc_ctype_1                 0x08000257   Thumb Code     0  libinit2.o(.ARM.Collect$$libinit$$00000013)
    __rt_lib_init_lc_monetary_1              0x08000257   Thumb Code     0  libinit2.o(.ARM.Collect$$libinit$$00000015)
    __rt_lib_init_lc_numeric_1               0x08000257   Thumb Code     0  libinit2.o(.ARM.Collect$$libinit$$00000017)
    __rt_lib_init_lc_time_1                  0x08000257   Thumb Code     0  libinit2.o(.ARM.Collect$$libinit$$00000019)
    __rt_lib_init_rand_1                     0x08000257   Thumb Code     0  libinit2.o(.ARM.Collect$$libinit$$0000000E)
    __rt_lib_init_return                     0x08000257   Thumb Code     0  libinit2.o(.ARM.Collect$$libinit$$00000033)
    __rt_lib_init_signal_1                   0x08000257   Thumb Code     0  libinit2.o(.ARM.Collect$$libinit$$0000001D)
    __rt_lib_init_stdio_1                    0x08000257   Thumb Code     0  libinit2.o(.ARM.Collect$$libinit$$00000025)
    __rt_lib_shutdown                        0x08000259   Thumb Code     0  libshutdown.o(.ARM.Collect$$libshutdown$$00000000)
    __rt_lib_shutdown_cpp_1                  0x0800025b   Thumb Code     0  libshutdown2.o(.ARM.Collect$$libshutdown$$00000002)
    __rt_lib_shutdown_fp_trap_1              0x0800025b   Thumb Code     0  libshutdown2.o(.ARM.Collect$$libshutdown$$00000007)
    __rt_lib_shutdown_heap_1                 0x0800025b   Thumb Code     0  libshutdown2.o(.ARM.Collect$$libshutdown$$0000000F)
    __rt_lib_shutdown_return                 0x0800025b   Thumb Code     0  libshutdown2.o(.ARM.Collect$$libshutdown$$00000010)
    __rt_lib_shutdown_signal_1               0x0800025b   Thumb Code     0  libshutdown2.o(.ARM.Collect$$libshutdown$$0000000A)
    __rt_lib_shutdown_stdio_1                0x0800025b   Thumb Code     0  libshutdown2.o(.ARM.Collect$$libshutdown$$00000004)
    __rt_lib_shutdown_user_alloc_1           0x0800025b   Thumb Code     0  libshutdown2.o(.ARM.Collect$$libshutdown$$0000000C)
    __rt_entry                               0x0800025d   Thumb Code     0  __rtentry.o(.ARM.Collect$$rtentry$$00000000)
    __rt_entry_presh_1                       0x0800025d   Thumb Code     0  __rtentry2.o(.ARM.Collect$$rtentry$$00000002)
    __rt_entry_sh                            0x0800025d   Thumb Code     0  __rtentry4.o(.ARM.Collect$$rtentry$$00000004)
    __rt_entry_li                            0x08000263   Thumb Code     0  __rtentry2.o(.ARM.Collect$$rtentry$$0000000A)
    __rt_entry_postsh_1                      0x08000263   Thumb Code     0  __rtentry2.o(.ARM.Collect$$rtentry$$00000009)
    __rt_entry_main                          0x08000267   Thumb Code     0  __rtentry2.o(.ARM.Collect$$rtentry$$0000000D)
    __rt_entry_postli_1                      0x08000267   Thumb Code     0  __rtentry2.o(.ARM.Collect$$rtentry$$0000000C)
    __rt_exit                                0x0800026f   Thumb Code     0  rtexit.o(.ARM.Collect$$rtexit$$00000000)
    __rt_exit_ls                             0x08000271   Thumb Code     0  rtexit2.o(.ARM.Collect$$rtexit$$00000003)
    __rt_exit_prels_1                        0x08000271   Thumb Code     0  rtexit2.o(.ARM.Collect$$rtexit$$00000002)
    __rt_exit_exit                           0x08000275   Thumb Code     0  rtexit2.o(.ARM.Collect$$rtexit$$00000004)
    rand                                     0x0800027d   Thumb Code    48  rand.o(.emb_text)
    Reset_Handler                            0x080002b1   Thumb Code     8  startup_stm32f303xc.o(.text)
    _maybe_terminate_alloc                   0x080002b1   Thumb Code     0  maybetermalloc1.o(.emb_text)
    NMI_Handler                              0x080002b9   Thumb Code     2  startup_stm32f303xc.o(.text)
    HardFault_Handler                        0x080002bb   Thumb Code     2  startup_stm32f303xc.o(.text)
    MemManage_Handler                        0x080002bd   Thumb Code     2  startup_stm32f303xc.o(.text)
    BusFault_Handler                         0x080002bf   Thumb Code     2  startup_stm32f303xc.o(.text)
    UsageFault_Handler                       0x080002c1   Thumb Code     2  startup_stm32f303xc.o(.text)
    SVC_Handler                              0x080002c3   Thumb Code     2  startup_stm32f303xc.o(.text)
    DebugMon_Handler                         0x080002c5   Thumb Code     2  startup_stm32f303xc.o(.text)
    PendSV_Handler                           0x080002c7   Thumb Code     2  startup_stm32f303xc.o(.text)
    ADC1_2_IRQHandler                        0x080002cb   Thumb Code     0  startup_stm32f303xc.o(.text)
    ADC3_IRQHandler                          0x080002cb   Thumb Code     0  startup_stm32f303xc.o(.text)
    ADC4_IRQHandler                          0x080002cb   Thumb Code     0  startup_stm32f303xc.o(.text)
    CAN_RX1_IRQHandler                       0x080002cb   Thumb Code     0  startup_stm32f303xc.o(.text)
    CAN_SCE_IRQHandler                       0x080002cb   Thumb Code     0  startup_stm32f303xc.o(.text)
    COMP1_2_3_IRQHandler                     0x080002cb   Thumb Code     0  startup_stm32f303xc.o(.text)
    COMP4_5_6_IRQHandler                     0x080002cb   Thumb Code     0  startup_stm32f303xc.o(.text)
    COMP7_IRQHandler                         0x080002cb   Thumb Code     0  startup_stm32f303xc.o(.text)
    DMA1_Channel1_IRQHandler                 0x080002cb   Thumb Code     0  startup_stm32f303xc.o(.text)
    DMA1_Channel2_IRQHandler                 0x080002cb   Thumb Code     0  startup_stm32f303xc.o(.text)
    DMA1_Channel3_IRQHandler                 0x080002cb   Thumb Code     0  startup_stm32f303xc.o(.text)
    DMA1_Channel4_IRQHandler                 0x080002cb   Thumb Code     0  startup_stm32f303xc.o(.text)
    DMA1_Channel5_IRQHandler                 0x080002cb   Thumb Code     0  startup_stm32f303xc.o(.text)
    DMA2_Channel1_IRQHandler                 0x080002cb   Thumb Code     0  startup_stm32f303xc.o(.text)
    DMA2_Channel2_IRQHandler                 0x080002cb   Thumb Code     0  startup_stm32f303xc.o(.text)
    DMA2_Channel3_IRQHandler                 0x080002cb   Thumb Code     0  startup_stm32f303xc.o(.text)
    DMA2_Channel4_IRQHandler                 0x080002cb   Thumb Code     0  startup_stm32f303xc.o(.text)
    DMA2_Channel5_IRQHandler                 0x080002cb   Thumb Code     0  startup_stm32f303xc.o(.text)
    EXTI0_IRQHandler                         0x080002cb   Thumb Code     0  startup_stm32f303xc.o(.text)
    EXTI15_10_IRQHandler                     0x080002cb   Thumb Code     0  startup_stm32f303xc.o(.text)
    EXTI1_IRQHandler                         0x080002cb   Thumb Code     0  startup_stm32f303xc.o(.text)
    EXTI2_TSC_IRQHandler                     0x080002cb   Thumb Code     0  startup_stm32f303xc.o(.text)
    EXTI3_IRQHandler                         0x080002cb   Thumb Code     0  startup_stm32f303xc.o(.text)
    FLASH_IRQHandler                         0x080002cb   Thumb Code     0  startup_stm32f303xc.o(.text)
    FPU_IRQHandler                           0x080002cb   Thumb Code     0  startup_stm32f303xc.o(.text)
    I2C1_ER_IRQHandler                       0x080002cb   Thumb Code     0  startup_stm32f303xc.o(.text)
    I2C1_EV_IRQHandler                       0x080002cb   Thumb Code     0  startup_stm32f303xc.o(.text)
    I2C2_ER_IRQHandler                       0x080002cb   Thumb Code     0  startup_stm32f303xc.o(.text)
    I2C2_EV_IRQHandler                       0x080002cb   Thumb Code     0  startup_stm32f303xc.o(.text)
    PVD_IRQHandler                           0x080002cb   Thumb Code     0  startup_stm32f303xc.o(.text)
    RCC_IRQHandler                           0x080002cb   Thumb Code     0  startup_stm32f303xc.o(.text)
    RTC_Alarm_IRQHandler                     0x080002cb   Thumb Code     0  startup_stm32f303xc.o(.text)
    RTC_WKUP_IRQHandler                      0x080002cb   Thumb Code     0  startup_stm32f303xc.o(.text)
    SPI1_IRQHandler                          0x080002cb   Thumb Code     0  startup_stm32f303xc.o(.text)
    SPI2_IRQHandler                          0x080002cb   Thumb Code     0  startup_stm32f303xc.o(.text)
    SPI3_IRQHandler                          0x080002cb   Thumb Code     0  startup_stm32f303xc.o(.text)
    TAMP_STAMP_IRQHandler                    0x080002cb   Thumb Code     0  startup_stm32f303xc.o(.text)
    TIM1_BRK_TIM15_IRQHandler                0x080002cb   Thumb Code     0  startup_stm32f303xc.o(.text)
    TIM1_CC_IRQHandler                       0x080002cb   Thumb Code     0  startup_stm32f303xc.o(.text)
    TIM1_TRG_COM_TIM17_IRQHandler            0x080002cb   Thumb Code     0  startup_stm32f303xc.o(.text)
    TIM1_UP_TIM16_IRQHandler                 0x080002cb   Thumb Code     0  startup_stm32f303xc.o(.text)
    TIM2_IRQHandler                          0x080002cb   Thumb Code     0  startup_stm32f303xc.o(.text)
    TIM3_IRQHandler                          0x080002cb   Thumb Code     0  startup_stm32f303xc.o(.text)
    TIM4_IRQHandler                          0x080002cb   Thumb Code     0  startup_stm32f303xc.o(.text)
    TIM6_DAC_IRQHandler                      0x080002cb   Thumb Code     0  startup_stm32f303xc.o(.text)
    TIM7_IRQHandler                          0x080002cb   Thumb Code     0  startup_stm32f303xc.o(.text)
    TIM8_BRK_IRQHandler                      0x080002cb   Thumb Code     0  startup_stm32f303xc.o(.text)
    TIM8_CC_IRQHandler                       0x080002cb   Thumb Code     0  startup_stm32f303xc.o(.text)
    TIM8_TRG_COM_IRQHandler                  0x080002cb   Thumb Code     0  startup_stm32f303xc.o(.text)
    TIM8_UP_IRQHandler                       0x080002cb   Thumb Code     0  startup_stm32f303xc.o(.text)
    UART4_IRQHandler                         0x080002cb   Thumb Code     0  startup_stm32f303xc.o(.text)
    UART5_IRQHandler                         0x080002cb   Thumb Code     0  startup_stm32f303xc.o(.text)
    USART1_IRQHandler                        0x080002cb   Thumb Code     0  startup_stm32f303xc.o(.text)
    USART3_IRQHandler                        0x080002cb   Thumb Code     0  startup_stm32f303xc.o(.text)
    USBWakeUp_IRQHandler                     0x080002cb   Thumb Code     0  startup_stm32f303xc.o(.text)
    USBWakeUp_RMP_IRQHandler                 0x080002cb   Thumb Code     0  startup_stm32f303xc.o(.text)
    USB_HP_CAN_TX_IRQHandler                 0x080002cb   Thumb Code     0  startup_stm32f303xc.o(.text)
    USB_HP_IRQHandler                        0x080002cb   Thumb Code     0  startup_stm32f303xc.o(.text)
    USB_LP_CAN_RX0_IRQHandler                0x080002cb   Thumb Code     0  startup_stm32f303xc.o(.text)
    USB_LP_IRQHandler                        0x080002cb   Thumb Code     0  startup_stm32f303xc.o(.text)
    WWDG_IRQHandler                          0x080002cb   Thumb Code     0  startup_stm32f303xc.o(.text)
    __user_initial_stackheap                 0x080002cd   Thumb Code     0  startup_stm32f303xc.o(.text)
    malloc                                   0x080002f1   Thumb Code    94  h1_alloc.o(.text)
    free                                     0x0800034f   Thumb Code    78  h1_free.o(.text)
    srand                                    0x0800039d   Thumb Code    42  rand.o(.text)
    _rand_init                               0x080003c7   Thumb Code     4  rand.o(.text)
    strlen                                   0x080003d9   Thumb Code    62  strlen.o(.text)
    __aeabi_memcpy                           0x08000417   Thumb Code     0  rt_memcpy_v6.o(.text)
    __rt_memcpy                              0x08000417   Thumb Code   138  rt_memcpy_v6.o(.text)
    _memcpy_lastbytes                        0x0800047d   Thumb Code     0  rt_memcpy_v6.o(.text)
    __aeabi_memclr4                          0x080004a1   Thumb Code     0  rt_memclr_w.o(.text)
    __aeabi_memclr8                          0x080004a1   Thumb Code     0  rt_memclr_w.o(.text)
    __rt_memclr_w                            0x080004a1   Thumb Code    78  rt_memclr_w.o(.text)
    _memset_w                                0x080004a5   Thumb Code     0  rt_memclr_w.o(.text)
    strncpy                                  0x080004ef   Thumb Code    86  strncpy.o(.text)
    __use_two_region_memory                  0x08000545   Thumb Code     2  heapauxi.o(.text)
    __rt_heap_escrow                         0x08000547   Thumb Code     2  heapauxi.o(.text)
    __rt_heap_expand                         0x08000549   Thumb Code     2  heapauxi.o(.text)
    __rt_heap_descriptor                     0x0800054d   Thumb Code     8  rt_heap_descriptor_intlibspace.o(.text)
    __use_no_heap                            0x08000555   Thumb Code     2  hguard.o(.text)
    __heap$guard                             0x08000557   Thumb Code     2  hguard.o(.text)
    _terminate_user_alloc                    0x08000559   Thumb Code     2  init_alloc.o(.text)
    _init_user_alloc                         0x0800055b   Thumb Code     2  init_alloc.o(.text)
    __Heap_Full                              0x0800055d   Thumb Code    34  init_alloc.o(.text)
    __Heap_Broken                            0x0800057f   Thumb Code     6  init_alloc.o(.text)
    _init_alloc                              0x08000585   Thumb Code    94  init_alloc.o(.text)
    __Heap_Initialize                        0x080005e3   Thumb Code    10  h1_init.o(.text)
    __Heap_DescSize                          0x080005ed   Thumb Code     4  h1_init.o(.text)
    __aeabi_memcpy4                          0x080005f1   Thumb Code     0  rt_memcpy_w.o(.text)
    __aeabi_memcpy8                          0x080005f1   Thumb Code     0  rt_memcpy_w.o(.text)
    __rt_memcpy_w                            0x080005f1   Thumb Code   100  rt_memcpy_w.o(.text)
    _memcpy_lastbytes_aligned                0x08000639   Thumb Code     0  rt_memcpy_w.o(.text)
    __aeabi_memclr                           0x08000655   Thumb Code     0  rt_memclr.o(.text)
    __rt_memclr                              0x08000655   Thumb Code    68  rt_memclr.o(.text)
    _memset                                  0x08000659   Thumb Code     0  rt_memclr.o(.text)
    __user_libspace                          0x08000699   Thumb Code     8  libspace.o(.text)
    __user_perproc_libspace                  0x08000699   Thumb Code     0  libspace.o(.text)
    __user_perthread_libspace                0x08000699   Thumb Code     0  libspace.o(.text)
    __Heap_ProvideMemory                     0x080006a1   Thumb Code    52  h1_extend.o(.text)
    __rt_SIGRTMEM                            0x080006d5   Thumb Code    14  defsig_rtmem_outer.o(.text)
    __I$use$semihosting                      0x080006e3   Thumb Code     0  use_no_semi.o(.text)
    __use_no_semihosting_swi                 0x080006e3   Thumb Code     2  use_no_semi.o(.text)
    __semihosting_library_function           0x080006e5   Thumb Code     0  indicate_semi.o(.text)
    __user_setup_stackheap                   0x080006e5   Thumb Code    74  sys_stackheap_outer.o(.text)
    exit                                     0x0800072f   Thumb Code    18  exit.o(.text)
    __sig_exit                               0x08000741   Thumb Code    10  defsig_exit.o(.text)
    __rt_SIGRTMEM_inner                      0x0800074d   Thumb Code    22  defsig_rtmem_inner.o(.text)
    _sys_exit                                0x0800079d   Thumb Code     8  sys_exit.o(.text)
    __default_signal_display                 0x080007a9   Thumb Code    50  defsig_general.o(.text)
    _ttywrch                                 0x080007db   Thumb Code    14  sys_wrch.o(.text)
    DMA1_Channel6_IRQHandler                 0x080007e9   Thumb Code    54  main.o(i.DMA1_Channel6_IRQHandler)
    DMA1_Channel7_IRQHandler                 0x08000829   Thumb Code   104  main.o(i.DMA1_Channel7_IRQHandler)
    EXTI4_IRQHandler                         0x0800089d   Thumb Code    26  main.o(i.EXTI4_IRQHandler)
    EXTI9_5_IRQHandler                       0x080008c5   Thumb Code    64  main.o(i.EXTI9_5_IRQHandler)
    GetASCIICode                             0x0800090d   Thumb Code    26  asciilib.o(i.GetASCIICode)
    LCDprintChar                             0x0800092d   Thumb Code   214  asciilib.o(i.LCDprintChar)
    LL_GPIO_Init                             0x08000b51   Thumb Code   324  stm32f3xx_ll_gpio.o(i.LL_GPIO_Init)
    LL_I2C_Init                              0x08000d39   Thumb Code   136  stm32f3xx_ll_i2c.o(i.LL_I2C_Init)
    LL_Init1msTick                           0x08000dc1   Thumb Code    28  stm32f3xx_ll_utils.o(i.LL_Init1msTick)
    LL_RCC_GetUSARTClockFreq                 0x08000ddd   Thumb Code   272  stm32f3xx_ll_rcc.o(i.LL_RCC_GetUSARTClockFreq)
    LL_SetSystemCoreClock                    0x08000f31   Thumb Code     6  stm32f3xx_ll_utils.o(i.LL_SetSystemCoreClock)
    RCC_GetHCLKClockFreq                     0x08000f51   Thumb Code    24  stm32f3xx_ll_rcc.o(i.RCC_GetHCLKClockFreq)
    RCC_GetPCLK1ClockFreq                    0x08000f71   Thumb Code    26  stm32f3xx_ll_rcc.o(i.RCC_GetPCLK1ClockFreq)
    RCC_GetPCLK2ClockFreq                    0x08000f95   Thumb Code    26  stm32f3xx_ll_rcc.o(i.RCC_GetPCLK2ClockFreq)
    RCC_GetSystemClockFreq                   0x08000fb9   Thumb Code    52  stm32f3xx_ll_rcc.o(i.RCC_GetSystemClockFreq)
    RCC_PLL_GetFreqDomain_SYS                0x08000ff5   Thumb Code    90  stm32f3xx_ll_rcc.o(i.RCC_PLL_GetFreqDomain_SYS)
    SysTick_Handler                          0x0800105d   Thumb Code    12  main.o(i.SysTick_Handler)
    SystemClock_Config                       0x0800106d   Thumb Code   222  main.o(i.SystemClock_Config)
    SystemInit                               0x08001159   Thumb Code   104  system_stm32f3xx.o(i.SystemInit)
    USART2_IRQHandler                        0x080011d5   Thumb Code   242  main.o(i.USART2_IRQHandler)
    addEgg                                   0x08001339   Thumb Code    24  game.o(i.addEgg)
    collision                                0x080014b9   Thumb Code    78  game.o(i.collision)
    convertToChar                            0x08001515   Thumb Code    66  main.o(i.convertToChar)
    delay                                    0x08001559   Thumb Code    22  lcd_ili9325.o(i.delay)
    deleteEgg                                0x08001575   Thumb Code    82  game.o(i.deleteEgg)
    drawEgg                                  0x080015c9   Thumb Code    88  main.o(i.drawEgg)
    drawScene                                0x0800162d   Thumb Code   326  main.o(i.drawScene)
    gpio_lcd_init                            0x080017b9   Thumb Code   176  lcd_ili9325.o(i.gpio_lcd_init)
    init_I2C_FRAM                            0x08001875   Thumb Code   204  main.o(i.init_I2C_FRAM)
    init_UART2_DMA                           0x08001955   Thumb Code   534  main.o(i.init_UART2_DMA)
    init_lcd_ili9325                         0x08001b81   Thumb Code   548  lcd_ili9325.o(i.init_lcd_ili9325)
    lcd_draw_mirror_picture_by_coords        0x08001de1   Thumb Code    48  lcd_ili9325.o(i.lcd_draw_mirror_picture_by_coords)
    lcd_draw_picture                         0x08001e11   Thumb Code   102  lcd_ili9325.o(i.lcd_draw_picture)
    lcd_draw_picture_by_coords               0x08001e77   Thumb Code    52  lcd_ili9325.o(i.lcd_draw_picture_by_coords)
    lcd_fill_color                           0x08001ead   Thumb Code   206  lcd_ili9325.o(i.lcd_fill_color)
    lcd_fill_region                          0x08001f81   Thumb Code   142  lcd_ili9325.o(i.lcd_fill_region)
    lcd_set_pixel                            0x08002015   Thumb Code    94  lcd_ili9325.o(i.lcd_set_pixel)
    listFunction                             0x08002079   Thumb Code    28  game.o(i.listFunction)
    listInitialization                       0x08002095   Thumb Code    22  game.o(i.listInitialization)
    main                                     0x080020ad   Thumb Code   284  main.o(i.main)
    move                                     0x080021ed   Thumb Code   104  game.o(i.move)
    putbuf_char                              0x08002261   Thumb Code   182  asciilib.o(i.putbuf_char)
    randomEgg                                0x08002319   Thumb Code    50  game.o(i.randomEgg)
    reverseString                            0x08002359   Thumb Code    54  main.o(i.reverseString)
    run                                      0x08002391   Thumb Code    94  main.o(i.run)
    setupButtons                             0x08002405   Thumb Code   232  main.o(i.setupButtons)
    _fp_init                                 0x08002509   Thumb Code    10  fpinit.o(x$fpl$fpinit)
    __fplib_config_fpu_vfp                   0x08002511   Thumb Code     0  fpinit.o(x$fpl$fpinit)
    __fplib_config_pureend_doubles           0x08002511   Thumb Code     0  fpinit.o(x$fpl$fpinit)
    AHBPrescTable                            0x08002b09   Data          16  system_stm32f3xx.o(.constdata)
    APBPrescTable                            0x08002b19   Data           8  system_stm32f3xx.o(.constdata)
    Region$$Table$$Base                      0x08002b24   Number         0  anon$$obj.o(Region$$Table)
    Region$$Table$$Limit                     0x08002b44   Number         0  anon$$obj.o(Region$$Table)
    aTxDMABuf                                0x20000004   Data          64  main.o(.data)
    ubRxsz                                   0x20000044   Data           1  main.o(.data)
    ubErrflag                                0x20000045   Data           1  main.o(.data)
    freq                                     0x20000048   Data           4  main.o(.data)
    scoreText                                0x2000004c   Data           6  main.o(.data)
    lifesText                                0x20000052   Data           6  main.o(.data)
    startText                                0x20000058   Data          23  main.o(.data)
    printStartText                           0x20000070   Data           4  main.o(.data)
    gameOver                                 0x20000074   Data          11  main.o(.data)
    printGameOver                            0x20000080   Data           4  main.o(.data)
    yourScore                                0x20000084   Data          12  main.o(.data)
    printYourScore                           0x20000090   Data           4  main.o(.data)
    isStarted                                0x20000094   Data           4  main.o(.data)
    wolfLeftPos                              0x2000009c   Data           8  frames.o(.data)
    wolfRightPos                             0x200000a4   Data           8  frames.o(.data)
    leftCanvasSize                           0x200000ac   Data           4  frames.o(.data)
    rightCanvasSize                          0x200000b0   Data           4  frames.o(.data)
    downWolfSize                             0x200000b4   Data           4  frames.o(.data)
    upWolfSize                               0x200000b8   Data           4  frames.o(.data)
    canvasLeftPos                            0x200000bc   Data           8  frames.o(.data)
    canvasRightPos                           0x200000c4   Data           8  frames.o(.data)
    staticPosX                               0x200000cc   Data          16  frames.o(.data)
    staticPosY                               0x200000dc   Data          16  frames.o(.data)
    eggSize                                  0x200000ec   Data           8  frames.o(.data)
    bucketSize                               0x200000f4   Data           8  frames.o(.data)
    rightEggFrames                           0x200000fc   Data        1280  frames.o(.data)
    leftEggFrames                            0x200005fc   Data        1280  frames.o(.data)
    bucket                                   0x20000afc   Data         756  frames.o(.data)
    wolfLeftDown                             0x20000df0   Data        3514  frames.o(.data)
    wolfLeftUp                               0x20001baa   Data        3634  frames.o(.data)
    staticLeftCanvas                         0x200029dc   Data        5068  frames.o(.data)
    staticRightCanvas                        0x20003da8   Data        2252  frames.o(.data)
    eggSpeed                                 0x20004674   Data           4  game.o(.data)
    startFrame                               0x20004678   Data           4  game.o(.data)
    killFrame                                0x2000467c   Data           4  game.o(.data)
    list                                     0x20004680   Data           4  game.o(.data)
    woldDir                                  0x20004684   Data           1  game.o(.data)
    Score                                    0x20004688   Data           4  game.o(.data)
    lifes                                    0x2000468c   Data           4  game.o(.data)
    SystemCoreClock                          0x20004690   Data           4  system_stm32f3xx.o(.data)
    aRxDMABuf                                0x20004694   Data          64  main.o(.bss)
    aRxBuf                                   0x200046d4   Data          64  main.o(.bss)
    _random_number_data                      0x20004714   Data         228  rand.o(.bss)
    __libspace_start                         0x200047f8   Data          96  libspace.o(.bss)
    __temporary_stack_top$libspace           0x20004858   Data           0  libspace.o(.bss)



==============================================================================

Memory Map of the image

  Image Entry point : 0x08000189

  Load Region LR_IROM1 (Base: 0x08000000, Size: 0x000071d8, Max: 0x00040000, ABSOLUTE, COMPRESSED[0x00005784])

    Execution Region ER_IROM1 (Exec base: 0x08000000, Load base: 0x08000000, Size: 0x00002b44, Max: 0x00040000, ABSOLUTE)

    Exec Addr    Load Addr    Size         Type   Attr      Idx    E Section Name        Object

    0x08000000   0x08000000   0x00000188   Data   RO         1123    RESET               startup_stm32f303xc.o
    0x08000188   0x08000188   0x00000008   Code   RO         1305  * !!!main             c_w.l(__main.o)
    0x08000190   0x08000190   0x00000034   Code   RO         1594    !!!scatter          c_w.l(__scatter.o)
    0x080001c4   0x080001c4   0x00000064   Code   RO         1592    !!dclz77c           c_w.l(__dclz77c.o)
    0x08000228   0x08000228   0x0000001c   Code   RO         1596    !!handler_zi        c_w.l(__scatter_zi.o)
    0x08000244   0x08000244   0x00000002   Code   RO         1502    .ARM.Collect$$libinit$$00000000  c_w.l(libinit.o)
    0x08000246   0x08000246   0x00000004   Code   RO         1356    .ARM.Collect$$libinit$$00000001  c_w.l(libinit2.o)
    0x0800024a   0x0800024a   0x00000000   Code   RO         1359    .ARM.Collect$$libinit$$00000004  c_w.l(libinit2.o)
    0x0800024a   0x0800024a   0x00000008   Code   RO         1360    .ARM.Collect$$libinit$$00000005  c_w.l(libinit2.o)
    0x08000252   0x08000252   0x00000000   Code   RO         1362    .ARM.Collect$$libinit$$0000000A  c_w.l(libinit2.o)
    0x08000252   0x08000252   0x00000000   Code   RO         1364    .ARM.Collect$$libinit$$0000000C  c_w.l(libinit2.o)
    0x08000252   0x08000252   0x00000004   Code   RO         1365    .ARM.Collect$$libinit$$0000000D  c_w.l(libinit2.o)
    0x08000256   0x08000256   0x00000000   Code   RO         1366    .ARM.Collect$$libinit$$0000000E  c_w.l(libinit2.o)
    0x08000256   0x08000256   0x00000000   Code   RO         1369    .ARM.Collect$$libinit$$00000011  c_w.l(libinit2.o)
    0x08000256   0x08000256   0x00000000   Code   RO         1371    .ARM.Collect$$libinit$$00000013  c_w.l(libinit2.o)
    0x08000256   0x08000256   0x00000000   Code   RO         1373    .ARM.Collect$$libinit$$00000015  c_w.l(libinit2.o)
    0x08000256   0x08000256   0x00000000   Code   RO         1375    .ARM.Collect$$libinit$$00000017  c_w.l(libinit2.o)
    0x08000256   0x08000256   0x00000000   Code   RO         1377    .ARM.Collect$$libinit$$00000019  c_w.l(libinit2.o)
    0x08000256   0x08000256   0x00000000   Code   RO         1379    .ARM.Collect$$libinit$$0000001B  c_w.l(libinit2.o)
    0x08000256   0x08000256   0x00000000   Code   RO         1381    .ARM.Collect$$libinit$$0000001D  c_w.l(libinit2.o)
    0x08000256   0x08000256   0x00000000   Code   RO         1383    .ARM.Collect$$libinit$$0000001F  c_w.l(libinit2.o)
    0x08000256   0x08000256   0x00000000   Code   RO         1385    .ARM.Collect$$libinit$$00000021  c_w.l(libinit2.o)
    0x08000256   0x08000256   0x00000000   Code   RO         1387    .ARM.Collect$$libinit$$00000023  c_w.l(libinit2.o)
    0x08000256   0x08000256   0x00000000   Code   RO         1389    .ARM.Collect$$libinit$$00000025  c_w.l(libinit2.o)
    0x08000256   0x08000256   0x00000000   Code   RO         1393    .ARM.Collect$$libinit$$0000002C  c_w.l(libinit2.o)
    0x08000256   0x08000256   0x00000000   Code   RO         1395    .ARM.Collect$$libinit$$0000002E  c_w.l(libinit2.o)
    0x08000256   0x08000256   0x00000000   Code   RO         1397    .ARM.Collect$$libinit$$00000030  c_w.l(libinit2.o)
    0x08000256   0x08000256   0x00000000   Code   RO         1399    .ARM.Collect$$libinit$$00000032  c_w.l(libinit2.o)
    0x08000256   0x08000256   0x00000002   Code   RO         1400    .ARM.Collect$$libinit$$00000033  c_w.l(libinit2.o)
    0x08000258   0x08000258   0x00000002   Code   RO         1589    .ARM.Collect$$libshutdown$$00000000  c_w.l(libshutdown.o)
    0x0800025a   0x0800025a   0x00000000   Code   RO         1504    .ARM.Collect$$libshutdown$$00000002  c_w.l(libshutdown2.o)
    0x0800025a   0x0800025a   0x00000000   Code   RO         1506    .ARM.Collect$$libshutdown$$00000004  c_w.l(libshutdown2.o)
    0x0800025a   0x0800025a   0x00000000   Code   RO         1509    .ARM.Collect$$libshutdown$$00000007  c_w.l(libshutdown2.o)
    0x0800025a   0x0800025a   0x00000000   Code   RO         1512    .ARM.Collect$$libshutdown$$0000000A  c_w.l(libshutdown2.o)
    0x0800025a   0x0800025a   0x00000000   Code   RO         1514    .ARM.Collect$$libshutdown$$0000000C  c_w.l(libshutdown2.o)
    0x0800025a   0x0800025a   0x00000000   Code   RO         1517    .ARM.Collect$$libshutdown$$0000000F  c_w.l(libshutdown2.o)
    0x0800025a   0x0800025a   0x00000002   Code   RO         1518    .ARM.Collect$$libshutdown$$00000010  c_w.l(libshutdown2.o)
    0x0800025c   0x0800025c   0x00000000   Code   RO         1309    .ARM.Collect$$rtentry$$00000000  c_w.l(__rtentry.o)
    0x0800025c   0x0800025c   0x00000000   Code   RO         1407    .ARM.Collect$$rtentry$$00000002  c_w.l(__rtentry2.o)
    0x0800025c   0x0800025c   0x00000006   Code   RO         1419    .ARM.Collect$$rtentry$$00000004  c_w.l(__rtentry4.o)
    0x08000262   0x08000262   0x00000000   Code   RO         1409    .ARM.Collect$$rtentry$$00000009  c_w.l(__rtentry2.o)
    0x08000262   0x08000262   0x00000004   Code   RO         1410    .ARM.Collect$$rtentry$$0000000A  c_w.l(__rtentry2.o)
    0x08000266   0x08000266   0x00000000   Code   RO         1412    .ARM.Collect$$rtentry$$0000000C  c_w.l(__rtentry2.o)
    0x08000266   0x08000266   0x00000008   Code   RO         1413    .ARM.Collect$$rtentry$$0000000D  c_w.l(__rtentry2.o)
    0x0800026e   0x0800026e   0x00000002   Code   RO         1523    .ARM.Collect$$rtexit$$00000000  c_w.l(rtexit.o)
    0x08000270   0x08000270   0x00000000   Code   RO         1550    .ARM.Collect$$rtexit$$00000002  c_w.l(rtexit2.o)
    0x08000270   0x08000270   0x00000004   Code   RO         1551    .ARM.Collect$$rtexit$$00000003  c_w.l(rtexit2.o)
    0x08000274   0x08000274   0x00000006   Code   RO         1552    .ARM.Collect$$rtexit$$00000004  c_w.l(rtexit2.o)
    0x0800027a   0x0800027a   0x00000002   PAD
    0x0800027c   0x0800027c   0x00000034   Code   RO         1288    .emb_text           c_w.l(rand.o)
    0x080002b0   0x080002b0   0x00000000   Code   RO         1423    .emb_text           c_w.l(maybetermalloc1.o)
    0x080002b0   0x080002b0   0x00000040   Code   RO         1124    .text               startup_stm32f303xc.o
    0x080002f0   0x080002f0   0x0000005e   Code   RO         1171    .text               c_w.l(h1_alloc.o)
    0x0800034e   0x0800034e   0x0000004e   Code   RO         1173    .text               c_w.l(h1_free.o)
    0x0800039c   0x0800039c   0x0000003c   Code   RO         1289    .text               c_w.l(rand.o)
    0x080003d8   0x080003d8   0x0000003e   Code   RO         1293    .text               c_w.l(strlen.o)
    0x08000416   0x08000416   0x0000008a   Code   RO         1297    .text               c_w.l(rt_memcpy_v6.o)
    0x080004a0   0x080004a0   0x0000004e   Code   RO         1299    .text               c_w.l(rt_memclr_w.o)
    0x080004ee   0x080004ee   0x00000056   Code   RO         1301    .text               c_w.l(strncpy.o)
    0x08000544   0x08000544   0x00000006   Code   RO         1303    .text               c_w.l(heapauxi.o)
    0x0800054a   0x0800054a   0x00000002   PAD
    0x0800054c   0x0800054c   0x00000008   Code   RO         1313    .text               c_w.l(rt_heap_descriptor_intlibspace.o)
    0x08000554   0x08000554   0x00000004   Code   RO         1315    .text               c_w.l(hguard.o)
    0x08000558   0x08000558   0x0000008a   Code   RO         1317    .text               c_w.l(init_alloc.o)
    0x080005e2   0x080005e2   0x0000000e   Code   RO         1321    .text               c_w.l(h1_init.o)
    0x080005f0   0x080005f0   0x00000064   Code   RO         1350    .text               c_w.l(rt_memcpy_w.o)
    0x08000654   0x08000654   0x00000044   Code   RO         1352    .text               c_w.l(rt_memclr.o)
    0x08000698   0x08000698   0x00000008   Code   RO         1403    .text               c_w.l(libspace.o)
    0x080006a0   0x080006a0   0x00000034   Code   RO         1425    .text               c_w.l(h1_extend.o)
    0x080006d4   0x080006d4   0x0000000e   Code   RO         1445    .text               c_w.l(defsig_rtmem_outer.o)
    0x080006e2   0x080006e2   0x00000002   Code   RO         1461    .text               c_w.l(use_no_semi.o)
    0x080006e4   0x080006e4   0x00000000   Code   RO         1463    .text               c_w.l(indicate_semi.o)
    0x080006e4   0x080006e4   0x0000004a   Code   RO         1464    .text               c_w.l(sys_stackheap_outer.o)
    0x0800072e   0x0800072e   0x00000012   Code   RO         1483    .text               c_w.l(exit.o)
    0x08000740   0x08000740   0x0000000a   Code   RO         1485    .text               c_w.l(defsig_exit.o)
    0x0800074a   0x0800074a   0x00000002   PAD
    0x0800074c   0x0800074c   0x00000050   Code   RO         1491    .text               c_w.l(defsig_rtmem_inner.o)
    0x0800079c   0x0800079c   0x0000000c   Code   RO         1521    .text               c_w.l(sys_exit.o)
    0x080007a8   0x080007a8   0x00000032   Code   RO         1541    .text               c_w.l(defsig_general.o)
    0x080007da   0x080007da   0x0000000e   Code   RO         1547    .text               c_w.l(sys_wrch.o)
    0x080007e8   0x080007e8   0x00000040   Code   RO          225    i.DMA1_Channel6_IRQHandler  main.o
    0x08000828   0x08000828   0x00000074   Code   RO          226    i.DMA1_Channel7_IRQHandler  main.o
    0x0800089c   0x0800089c   0x00000028   Code   RO          227    i.EXTI4_IRQHandler  main.o
    0x080008c4   0x080008c4   0x00000048   Code   RO          228    i.EXTI9_5_IRQHandler  main.o
    0x0800090c   0x0800090c   0x00000020   Code   RO            1    i.GetASCIICode      asciilib.o
    0x0800092c   0x0800092c   0x000000d6   Code   RO            2    i.LCDprintChar      asciilib.o
    0x08000a02   0x08000a02   0x00000002   PAD
    0x08000a04   0x08000a04   0x0000001c   Code   RO           51    i.LL_AHB1_GRP1_EnableClock  lcd_ili9325.o
    0x08000a20   0x08000a20   0x0000001c   Code   RO          232    i.LL_AHB1_GRP1_EnableClock  main.o
    0x08000a3c   0x08000a3c   0x0000001c   Code   RO          233    i.LL_APB1_GRP1_EnableClock  main.o
    0x08000a58   0x08000a58   0x00000034   Code   RO          234    i.LL_DMA_ConfigAddresses  main.o
    0x08000a8c   0x08000a8c   0x00000020   Code   RO          235    i.LL_DMA_ConfigTransfer  main.o
    0x08000aac   0x08000aac   0x0000001c   Code   RO          236    i.LL_DMA_DisableChannel  main.o
    0x08000ac8   0x08000ac8   0x0000001c   Code   RO          237    i.LL_DMA_EnableChannel  main.o
    0x08000ae4   0x08000ae4   0x0000001c   Code   RO          238    i.LL_DMA_EnableIT_TE  main.o
    0x08000b00   0x08000b00   0x00000018   Code   RO          239    i.LL_DMA_GetDataTransferDirection  main.o
    0x08000b18   0x08000b18   0x00000014   Code   RO          240    i.LL_DMA_IsEnabledIT_TE  main.o
    0x08000b2c   0x08000b2c   0x00000024   Code   RO          241    i.LL_DMA_SetDataLength  main.o
    0x08000b50   0x08000b50   0x00000144   Code   RO          678    i.LL_GPIO_Init      stm32f3xx_ll_gpio.o
    0x08000c94   0x08000c94   0x00000028   Code   RO          242    i.LL_GPIO_SetAFPin_0_7  main.o
    0x08000cbc   0x08000cbc   0x00000004   Code   RO           52    i.LL_GPIO_SetOutputPin  lcd_ili9325.o
    0x08000cc0   0x08000cc0   0x00000028   Code   RO          243    i.LL_GPIO_SetPinMode  main.o
    0x08000ce8   0x08000ce8   0x00000028   Code   RO          244    i.LL_GPIO_SetPinPull  main.o
    0x08000d10   0x08000d10   0x00000028   Code   RO          245    i.LL_GPIO_SetPinSpeed  main.o
    0x08000d38   0x08000d38   0x00000088   Code   RO          730    i.LL_I2C_Init       stm32f3xx_ll_i2c.o
    0x08000dc0   0x08000dc0   0x0000001c   Code   RO         1018    i.LL_Init1msTick    stm32f3xx_ll_utils.o
    0x08000ddc   0x08000ddc   0x0000011c   Code   RO          816    i.LL_RCC_GetUSARTClockFreq  stm32f3xx_ll_rcc.o
    0x08000ef8   0x08000ef8   0x00000018   Code   RO          817    i.LL_RCC_GetUSARTClockSource  stm32f3xx_ll_rcc.o
    0x08000f10   0x08000f10   0x00000010   Code   RO          819    i.LL_RCC_HSI_IsReady  stm32f3xx_ll_rcc.o
    0x08000f20   0x08000f20   0x00000010   Code   RO          820    i.LL_RCC_LSE_IsReady  stm32f3xx_ll_rcc.o
    0x08000f30   0x08000f30   0x0000000c   Code   RO         1025    i.LL_SetSystemCoreClock  stm32f3xx_ll_utils.o
    0x08000f3c   0x08000f3c   0x00000012   Code   RO          251    i.LL_USART_DMA_GetRegAddr  main.o
    0x08000f4e   0x08000f4e   0x00000002   PAD
    0x08000f50   0x08000f50   0x00000020   Code   RO          822    i.RCC_GetHCLKClockFreq  stm32f3xx_ll_rcc.o
    0x08000f70   0x08000f70   0x00000024   Code   RO          823    i.RCC_GetPCLK1ClockFreq  stm32f3xx_ll_rcc.o
    0x08000f94   0x08000f94   0x00000024   Code   RO          824    i.RCC_GetPCLK2ClockFreq  stm32f3xx_ll_rcc.o
    0x08000fb8   0x08000fb8   0x0000003c   Code   RO          825    i.RCC_GetSystemClockFreq  stm32f3xx_ll_rcc.o
    0x08000ff4   0x08000ff4   0x00000068   Code   RO          826    i.RCC_PLL_GetFreqDomain_SYS  stm32f3xx_ll_rcc.o
    0x0800105c   0x0800105c   0x00000010   Code   RO          252    i.SysTick_Handler   main.o
    0x0800106c   0x0800106c   0x000000ec   Code   RO          253    i.SystemClock_Config  main.o
    0x08001158   0x08001158   0x0000007c   Code   RO         1132    i.SystemInit        system_stm32f3xx.o
    0x080011d4   0x080011d4   0x00000118   Code   RO          254    i.USART2_IRQHandler  main.o
    0x080012ec   0x080012ec   0x00000022   Code   RO          255    i.__NVIC_EnableIRQ  main.o
    0x0800130e   0x0800130e   0x00000002   PAD
    0x08001310   0x08001310   0x00000028   Code   RO          256    i.__NVIC_SetPriority  main.o
    0x08001338   0x08001338   0x00000018   Code   RO          540    i.addEgg            game.o
    0x08001350   0x08001350   0x00000020   Code   RO           53    i.board_lcd_reset   lcd_ili9325.o
    0x08001370   0x08001370   0x00000070   Code   RO           54    i.board_lcd_write_words  lcd_ili9325.o
    0x080013e0   0x080013e0   0x00000078   Code   RO           55    i.bus_lcd_read_reg  lcd_ili9325.o
    0x08001458   0x08001458   0x00000060   Code   RO           56    i.bus_lcd_write_reg  lcd_ili9325.o
    0x080014b8   0x080014b8   0x0000005c   Code   RO          542    i.collision         game.o
    0x08001514   0x08001514   0x00000042   Code   RO          257    i.convertToChar     main.o
    0x08001556   0x08001556   0x00000002   PAD
    0x08001558   0x08001558   0x0000001c   Code   RO           57    i.delay             lcd_ili9325.o
    0x08001574   0x08001574   0x00000052   Code   RO          543    i.deleteEgg         game.o
    0x080015c6   0x080015c6   0x00000002   PAD
    0x080015c8   0x080015c8   0x00000064   Code   RO          258    i.drawEgg           main.o
    0x0800162c   0x0800162c   0x0000018c   Code   RO          259    i.drawScene         main.o
    0x080017b8   0x080017b8   0x000000bc   Code   RO           58    i.gpio_lcd_init     lcd_ili9325.o
    0x08001874   0x08001874   0x000000e0   Code   RO          260    i.init_I2C_FRAM     main.o
    0x08001954   0x08001954   0x0000022c   Code   RO          261    i.init_UART2_DMA    main.o
    0x08001b80   0x08001b80   0x00000228   Code   RO           59    i.init_lcd_ili9325  lcd_ili9325.o
    0x08001da8   0x08001da8   0x00000038   Code   RO           60    i.lcd_bus_test      lcd_ili9325.o
    0x08001de0   0x08001de0   0x00000030   Code   RO           61    i.lcd_draw_mirror_picture_by_coords  lcd_ili9325.o
    0x08001e10   0x08001e10   0x00000066   Code   RO           62    i.lcd_draw_picture  lcd_ili9325.o
    0x08001e76   0x08001e76   0x00000034   Code   RO           63    i.lcd_draw_picture_by_coords  lcd_ili9325.o
    0x08001eaa   0x08001eaa   0x00000002   PAD
    0x08001eac   0x08001eac   0x000000d4   Code   RO           64    i.lcd_fill_color    lcd_ili9325.o
    0x08001f80   0x08001f80   0x00000094   Code   RO           65    i.lcd_fill_region   lcd_ili9325.o
    0x08002014   0x08002014   0x00000064   Code   RO           66    i.lcd_set_pixel     lcd_ili9325.o
    0x08002078   0x08002078   0x0000001c   Code   RO          546    i.listFunction      game.o
    0x08002094   0x08002094   0x00000016   Code   RO          547    i.listInitialization  game.o
    0x080020aa   0x080020aa   0x00000002   PAD
    0x080020ac   0x080020ac   0x00000140   Code   RO          262    i.main              main.o
    0x080021ec   0x080021ec   0x00000074   Code   RO          548    i.move              game.o
    0x08002260   0x08002260   0x000000b6   Code   RO            4    i.putbuf_char       asciilib.o
    0x08002316   0x08002316   0x00000002   PAD
    0x08002318   0x08002318   0x00000040   Code   RO          550    i.randomEgg         game.o
    0x08002358   0x08002358   0x00000036   Code   RO          263    i.reverseString     main.o
    0x0800238e   0x0800238e   0x00000002   PAD
    0x08002390   0x08002390   0x00000074   Code   RO          264    i.run               main.o
    0x08002404   0x08002404   0x00000104   Code   RO          265    i.setupButtons      main.o
    0x08002508   0x08002508   0x0000000a   Code   RO         1454    x$fpl$fpinit        fz_wm.l(fpinit.o)
    0x08002512   0x08002512   0x000005f0   Data   RO            5    .constdata          asciilib.o
    0x08002b02   0x08002b02   0x00000007   Data   RO          268    .constdata          main.o
    0x08002b09   0x08002b09   0x00000018   Data   RO         1133    .constdata          system_stm32f3xx.o
    0x08002b21   0x08002b21   0x00000003   PAD
    0x08002b24   0x08002b24   0x00000020   Data   RO         1590    Region$$Table       anon$$obj.o


    Execution Region RW_IRAM2 (Exec base: 0x10000000, Load base: 0x08005784, Size: 0x00000000, Max: 0x00002000, ABSOLUTE)

    **** No section assigned to this execution region ****


    Execution Region RW_IRAM1 (Exec base: 0x20000000, Load base: 0x08002b44, Size: 0x00007558, Max: 0x0000c000, ABSOLUTE, COMPRESSED[0x00002c40])

    Exec Addr    Load Addr    Size         Type   Attr      Idx    E Section Name        Object

    0x20000000   COMPRESSED   0x00000099   Data   RW          269    .data               main.o
    0x20000099   COMPRESSED   0x00000003   PAD
    0x2000009c   COMPRESSED   0x000045d8   Data   RW          521    .data               frames.o
    0x20004674   COMPRESSED   0x0000001c   Data   RW          551    .data               game.o
    0x20004690   COMPRESSED   0x00000004   Data   RW         1134    .data               system_stm32f3xx.o
    0x20004694        -       0x00000080   Zero   RW          267    .bss                main.o
    0x20004714        -       0x000000e4   Zero   RW         1290    .bss                c_w.l(rand.o)
    0x200047f8        -       0x00000060   Zero   RW         1404    .bss                c_w.l(libspace.o)
    0x20004858        -       0x00002500   Zero   RW         1122    HEAP                startup_stm32f303xc.o
    0x20006d58        -       0x00000800   Zero   RW         1121    STACK               startup_stm32f303xc.o


==============================================================================

Image component sizes


      Code (inc. data)   RO Data    RW Data    ZI Data      Debug   Object Name

       428          6       1520          0          0       8192   asciilib.o
         0          0          0      17880          0       1599   frames.o
       428         40          0         28          0       5017   game.o
      1878         76          0          0          0     483858   lcd_ili9325.o
      3472        362          7        153        128     137408   main.o
        64         26        392          0      11520        852   startup_stm32f303xc.o
       324          0          0          0          0       7783   stm32f3xx_ll_gpio.o
       136          0          0          0          0      15210   stm32f3xx_ll_i2c.o
       608         80          0          0          0      25687   stm32f3xx_ll_rcc.o
        40          6          0          0          0       2677   stm32f3xx_ll_utils.o
       124         20         24          4          0       1495   system_stm32f3xx.o

    ----------------------------------------------------------------------
      7520        616       1978      18068      11648     689778   Object Totals
         0          0         32          0          0          0   (incl. Generated)
        18          0          3          3          0          0   (incl. Padding)

    ----------------------------------------------------------------------

      Code (inc. data)   RO Data    RW Data    ZI Data      Debug   Library Member Name

       100          0          0          0          0          0   __dclz77c.o
         8          0          0          0          0         68   __main.o
         0          0          0          0          0          0   __rtentry.o
        12          0          0          0          0          0   __rtentry2.o
         6          0          0          0          0          0   __rtentry4.o
        52          8          0          0          0          0   __scatter.o
        28          0          0          0          0          0   __scatter_zi.o
        10          0          0          0          0         68   defsig_exit.o
        50          0          0          0          0         88   defsig_general.o
        80         58          0          0          0         76   defsig_rtmem_inner.o
        14          0          0          0          0         80   defsig_rtmem_outer.o
        18          0          0          0          0         80   exit.o
        94          0          0          0          0         80   h1_alloc.o
        52          0          0          0          0         68   h1_extend.o
        78          0          0          0          0         80   h1_free.o
        14          0          0          0          0         84   h1_init.o
         6          0          0          0          0        152   heapauxi.o
         4          0          0          0          0        136   hguard.o
         0          0          0          0          0          0   indicate_semi.o
       138          0          0          0          0        168   init_alloc.o
         2          0          0          0          0          0   libinit.o
        18          0          0          0          0          0   libinit2.o
         2          0          0          0          0          0   libshutdown.o
         2          0          0          0          0          0   libshutdown2.o
         8          4          0          0         96         68   libspace.o
         0          0          0          0          0          0   maybetermalloc1.o
       112         18          0          0        228        160   rand.o
         8          4          0          0          0         68   rt_heap_descriptor_intlibspace.o
        68          0          0          0          0         68   rt_memclr.o
        78          0          0          0          0         80   rt_memclr_w.o
       138          0          0          0          0         68   rt_memcpy_v6.o
       100          0          0          0          0         80   rt_memcpy_w.o
         2          0          0          0          0          0   rtexit.o
        10          0          0          0          0          0   rtexit2.o
        62          0          0          0          0         76   strlen.o
        86          0          0          0          0         76   strncpy.o
        12          4          0          0          0         68   sys_exit.o
        74          0          0          0          0         80   sys_stackheap_outer.o
        14          0          0          0          0         76   sys_wrch.o
         2          0          0          0          0         68   use_no_semi.o
        10          0          0          0          0        116   fpinit.o

    ----------------------------------------------------------------------
      1578         96          0          0        324       2380   Library Totals
         6          0          0          0          0          0   (incl. Padding)

    ----------------------------------------------------------------------

      Code (inc. data)   RO Data    RW Data    ZI Data      Debug   Library Name

      1562         96          0          0        324       2264   c_w.l
        10          0          0          0          0        116   fz_wm.l

    ----------------------------------------------------------------------
      1578         96          0          0        324       2380   Library Totals

    ----------------------------------------------------------------------

==============================================================================


      Code (inc. data)   RO Data    RW Data    ZI Data      Debug   

      9098        712       1978      18068      11972     684110   Grand Totals
      9098        712       1978      11328      11972     684110   ELF Image Totals (compressed)
      9098        712       1978      11328          0          0   ROM Totals

==============================================================================

    Total RO  Size (Code + RO Data)                11076 (  10.82kB)
    Total RW  Size (RW Data + ZI Data)             30040 (  29.34kB)
    Total ROM Size (Code + RO Data + RW Data)      22404 (  21.88kB)

==============================================================================

